magic-lamp-2021 {'files': 2, 'bytes': 29429, 'js': 1, 'css': 0, 'images': 0, 'json': 0, 'fonts': 0, 'media': 0, 'routes': 1, 'apis': 0, 'waybackRows': 0, 'commonCrawlRows': 0}
beat-pinata-2021 {'files': 2, 'bytes': 29433, 'js': 1, 'css': 0, 'images': 0, 'json': 0, 'fonts': 0, 'media': 0, 'routes': 1, 'apis': 0, 'waybackRows': 0, 'commonCrawlRows': 0}
lucky-card-2021 {'files': 1, 'bytes': 1952, 'js': 0, 'css': 0, 'images': 0, 'json': 0, 'fonts': 0, 'media': 0, 'routes': 1, 'apis': 0, 'waybackRows': 0, 'commonCrawlRows': 0}
national-day-template-2021 {'files': 2, 'bytes': 30335, 'js': 1, 'css': 0, 'images': 0, 'json': 0, 'fonts': 0, 'media': 0, 'routes': 1, 'apis': 0, 'waybackRows': 0, 'commonCrawlRows': 0}
national-day-2021 {'files': 1, 'bytes': 1880, 'js': 0, 'css': 0, 'images': 0, 'json': 0, 'fonts': 0, 'media': 0, 'routes': 1, 'apis': 0, 'waybackRows': 0, 'commonCrawlRows': 0}
turkey-fathers-day-2020 {'files': 1, 'bytes': 2911, 'js': 0, 'css': 0, 'images': 0, 'json': 0, 'fonts': 0, 'media': 0, 'routes': 1, 'apis': 0, 'waybackRows': 0, 'commonCrawlRows': 0}
[
  {
    "magic-lamp-2021": {
      "files": 2,
      "bytes": 29429,
      "js": 1,
      "css": 0,
      "images": 0,
      "json": 0,
      "fonts": 0,
      "media": 0,
      "routes": 1,
      "apis": 0,
      "waybackRows": 0,
      "commonCrawlRows": 0
    }
  },
  {
    "beat-pinata-2021": {
      "files": 2,
      "bytes": 29433,
      "js": 1,
      "css": 0,
      "images": 0,
      "json": 0,
      "fonts": 0,
      "media": 0,
      "routes": 1,
      "apis": 0,
      "waybackRows": 0,
      "commonCrawlRows": 0
    }
  },
  {
    "lucky-card-2021": {
      "files": 1,
      "bytes": 1952,
      "js": 0,
      "css": 0,
      "images": 0,
      "json": 0,
      "fonts": 0,
      "media": 0,
      "routes": 1,
      "apis": 0,
      "waybackRows": 0,
      "commonCrawlRows": 0
    }
  },
  {
    "national-day-template-2021": {
      "files": 2,
      "bytes": 30335,
      "js": 1,
      "css": 0,
      "images": 0,
      "json": 0,
      "fonts": 0,
      "media": 0,
      "routes": 1,
      "apis": 0,
      "waybackRows": 0,
      "commonCrawlRows": 0
    }
  },
  {
    "national-day-2021": {
      "files": 1,
      "bytes": 1880,
      "js": 0,
      "css": 0,
      "images": 0,
      "json": 0,
      "fonts": 0,
      "media": 0,
      "routes": 1,
      "apis": 0,
      "waybackRows": 0,
      "commonCrawlRows": 0
    }
  },
  {
    "turkey-fathers-day-2020": {
      "files": 1,
      "bytes": 2911,
      "js": 0,
      "css": 0,
      "images": 0,
      "json": 0,
      "fonts": 0,
      "media": 0,
      "routes": 1,
      "apis": 0,
      "waybackRows": 0,
      "commonCrawlRows": 0
    }
  }
]
