[
  {
    "id": "magic-lamp-2021",
    "score": 95,
    "metrics": {
      "files": 2,
      "js": 2,
      "css": 1,
      "images": 0,
      "routes": 1,
      "apis": 0,
      "featureGroups": 7
    },
    "features": [
      "task",
      "lottery",
      "growth",
      "collect",
      "shop",
      "game",
      "record"
    ]
  },
  {
    "id": "beat-pinata-2021",
    "score": 95,
    "metrics": {
      "files": 2,
      "js": 2,
      "css": 1,
      "images": 0,
      "routes": 1,
      "apis": 0,
      "featureGroups": 7
    },
    "features": [
      "task",
      "lottery",
      "growth",
      "collect",
      "shop",
      "game",
      "record"
    ]
  },
  {
    "id": "national-day-template-2021",
    "score": 95,
    "metrics": {
      "files": 2,
      "js": 4,
      "css": 1,
      "images": 0,
      "routes": 1,
      "apis": 0,
      "featureGroups": 6
    },
    "features": [
      "task",
      "lottery",
      "growth",
      "collect",
      "shop",
      "record"
    ]
  },
  {
    "id": "lucky-card-2021",
    "score": 59,
    "metrics": {
      "files": 1,
      "js": 3,
      "css": 1,
      "images": 0,
      "routes": 1,
      "apis": 0,
      "featureGroups": 3
    },
    "features": [
      "lottery",
      "collect",
      "rank"
    ]
  },
  {
    "id": "national-day-2021",
    "score": 39,
    "metrics": {
      "files": 1,
      "js": 3,
      "css": 1,
      "images": 0,
      "routes": 1,
      "apis": 0,
      "featureGroups": 1
    },
    "features": [
      "rank"
    ]
  },
  {
    "id": "national-day-replacement-2020",
    "score": 29,
    "metrics": {
      "files": 1,
      "js": 3,
      "css": 1,
      "images": 0,
      "routes": 1,
      "apis": 0,
      "featureGroups": 0
    },
    "features": []
  },
  {
    "id": "turkey-fathers-day-2020",
    "score": 29,
    "metrics": {
      "files": 1,
      "js": 2,
      "css": 2,
      "images": 0,
      "routes": 1,
      "apis": 0,
      "featureGroups": 0
    },
    "features": []
  },
  {
    "id": "morocco-national-day-2020",
    "score": 29,
    "metrics": {
      "files": 1,
      "js": 3,
      "css": 1,
      "images": 0,
      "routes": 1,
      "apis": 0,
      "featureGroups": 0
    },
    "features": []
  }
]
