/tmp/ludo_apk20_trace.py:128: SyntaxWarning: invalid escape sequence '\s'
  body: (document.body?.innerText || '').replace(/\s+/g, ' ').trim().slice(0, 50000),
Traceback (most recent call last):
  File "/tmp/ludo_apk20_trace.py", line 389, in <module>
    resolved = asyncio.run(resolve_with_browser(version, target, trace))
               ^^^^^^^^^^^^^^^^^^^^^^^^^^^^^^^^^^^^^^^^^^^^^^^^^^^^^^^^^
  File "/opt/hostedtoolcache/Python/3.12.14/x64/lib/python3.12/asyncio/runners.py", line 195, in run
    return runner.run(main)
           ^^^^^^^^^^^^^^^^
  File "/opt/hostedtoolcache/Python/3.12.14/x64/lib/python3.12/asyncio/runners.py", line 118, in run
    return self._loop.run_until_complete(task)
           ^^^^^^^^^^^^^^^^^^^^^^^^^^^^^^^^^^^
  File "/opt/hostedtoolcache/Python/3.12.14/x64/lib/python3.12/asyncio/base_events.py", line 691, in run_until_complete
    return future.result()
           ^^^^^^^^^^^^^^^
  File "/tmp/ludo_apk20_trace.py", line 125, in resolve_with_browser
    inventory = await page.evaluate("""() => ({
                ^^^^^^^^^^^^^^^^^^^^^^^^^^^^^^^
  File "/opt/hostedtoolcache/Python/3.12.14/x64/lib/python3.12/site-packages/playwright/async_api/_generated.py", line 8514, in evaluate
    await self._impl_obj.evaluate(
  File "/opt/hostedtoolcache/Python/3.12.14/x64/lib/python3.12/site-packages/playwright/_impl/_page.py", line 468, in evaluate
    return await self._main_frame.evaluate(expression, arg)
           ^^^^^^^^^^^^^^^^^^^^^^^^^^^^^^^^^^^^^^^^^^^^^^^^
  File "/opt/hostedtoolcache/Python/3.12.14/x64/lib/python3.12/site-packages/playwright/_impl/_frame.py", line 320, in evaluate
    await self._channel.send(
  File "/opt/hostedtoolcache/Python/3.12.14/x64/lib/python3.12/site-packages/playwright/_impl/_connection.py", line 69, in send
    return await self._connection.wrap_api_call(
           ^^^^^^^^^^^^^^^^^^^^^^^^^^^^^^^^^^^^^
  File "/opt/hostedtoolcache/Python/3.12.14/x64/lib/python3.12/site-packages/playwright/_impl/_connection.py", line 558, in wrap_api_call
    raise rewrite_error(error, f"{parsed_st['apiName']}: {error}") from None
playwright._impl._errors.Error: Page.evaluate: Execution context was destroyed, most likely because of a navigation
