/home/runner/work/android-build-tool/android-build-tool/tools/yalla-rich-recovery/recover.py:582: SyntaxWarning: invalid escape sequence '\s'
  info = await page.evaluate("""() => ({title:document.title,width:Math.max(document.documentElement.scrollWidth,document.body?.scrollWidth||0),height:Math.max(document.documentElement.scrollHeight,document.body?.scrollHeight||0),images:[...document.images].map(x=>({src:x.currentSrc||x.src,w:x.naturalWidth,h:x.naturalHeight,complete:x.complete})),iframes:[...document.querySelectorAll('iframe')].map(x=>x.src),clickables:[...document.querySelectorAll('button,a,[role="button"],[class*="tab" i],[class*="btn" i],[class*="menu" i]')].filter(e=>{const r=e.getBoundingClientRect();return r.width>22&&r.height>16}).map((e,i)=>({i,text:(e.innerText||e.getAttribute('aria-label')||'').replace(/\s+/g,' ').trim().slice(0,120),href:e.href||''})).filter(x=>x.text||x.href).slice(0,160)})""")
{
  "schemaVersion": "4.0",
  "generatedAt": "2026-08-27T18:03:42.048657+00:00",
  "release": "pro-yalla-rich-spa-increment-round4",
  "verifiedDefinition": "Official SPA root + original resource closure + at least three distinct states + local request-interception replay + all QA gates zero.",
  "summary": {
    "OFFICIAL_URL_EXPIRED": 8
  },
  "contactSheet": "screenshots/round4-contact-sheet.jpg",
  "activities": [
    {
      "id": "yalla-magic-lamp-2021",
      "name": "Magic Lamp 2021",
      "year": 2021,
      "campaign": "Yalla Magic Lamp 2021",
      "parentCampaign": null,
      "officialUrl": "https://activity2.yalla.live/activity/2021dist/MagicLamp/",
      "spaRoot": "/activity/2021dist/MagicLamp/",
      "activityId": null,
      "projectSlug": "MagicLamp",
      "routes": [
        "/"
      ],
      "routeCount": 1,
      "stateCount": 1,
      "assetCount": 2,
      "fileCount": 6,
      "apiCount": 0,
      "fixtureCount": 0,
      "sourceType": "OFFICIAL_SPA_LIVE_AND_ARCHIVE_CLOSURE",
      "status": "OFFICIAL_URL_EXPIRED",
      "quality": "C",
      "localReplay": true,
      "screenshot": true,
      "currentReleaseVerified": false,
      "screenshots": [
        "screenshots/yalla-magic-lamp-2021/01-Magic_Lamp.png"
      ],
      "metrics": {
        "totalBytes": 288617,
        "jsCount": 1,
        "cssCount": 1,
        "imageCount": 1,
        "fontCount": 0,
        "archivedFileCount": 3,
        "liveFileCount": 3,
        "richStateCount": 0,
        "keywordHits": [],
        "closureOk": false,
        "runtimeOk": true,
        "fixtureOk": false,
        "depthOk": false,
        "assetOk": false
      },
      "qa": {
        "brokenImages": 0,
        "consoleFatalErrors": 0,
        "missingChunks": 2,
        "unmappedRequests": 3,
        "remoteIframes": 0,
        "remoteRuntimeFallback": 0,
        "missingStaticAssets": 0
      },
      "notes": [
        "Original official HTML, JS, CSS, chunks and assets are preserved from Yalla production URLs and public web archives.",
        "Offline replay blocks every remote request and uses captured responses only.",
        "No users, rankings, rewards or gameplay outcomes are fabricated."
      ]
    },
    {
      "id": "yalla-beat-pinata-2021",
      "name": "Beat Piñata 2021",
      "year": 2021,
      "campaign": "Yalla Beat Piñata 2021",
      "parentCampaign": null,
      "officialUrl": "https://activity2.yalla.live/activity/2021dist/beatPinata/",
      "spaRoot": "/activity/2021dist/beatPinata/",
      "activityId": null,
      "projectSlug": "beatPinata",
      "routes": [
        "/"
      ],
      "routeCount": 1,
      "stateCount": 1,
      "assetCount": 1,
      "fileCount": 6,
      "apiCount": 0,
      "fixtureCount": 0,
      "sourceType": "OFFICIAL_SPA_LIVE_AND_ARCHIVE_CLOSURE",
      "status": "OFFICIAL_URL_EXPIRED",
      "quality": "C",
      "localReplay": true,
      "screenshot": true,
      "currentReleaseVerified": false,
      "screenshots": [
        "screenshots/yalla-beat-pinata-2021/01-Beat_Pi_ata.png"
      ],
      "metrics": {
        "totalBytes": 68517,
        "jsCount": 1,
        "cssCount": 0,
        "imageCount": 1,
        "fontCount": 0,
        "archivedFileCount": 3,
        "liveFileCount": 3,
        "richStateCount": 0,
        "keywordHits": [],
        "closureOk": false,
        "runtimeOk": true,
        "fixtureOk": false,
        "depthOk": false,
        "assetOk": false
      },
      "qa": {
        "brokenImages": 0,
        "consoleFatalErrors": 0,
        "missingChunks": 2,
        "unmappedRequests": 3,
        "remoteIframes": 0,
        "remoteRuntimeFallback": 0,
        "missingStaticAssets": 0
      },
      "notes": [
        "Original official HTML, JS, CSS, chunks and assets are preserved from Yalla production URLs and public web archives.",
        "Offline replay blocks every remote request and uses captured responses only.",
        "No users, rankings, rewards or gameplay outcomes are fabricated."
      ]
    },
    {
      "id": "yalla-lucky-card-2021",
      "name": "Lucky Card 2021",
      "year": 2021,
      "campaign": "Yalla Lucky Card 2021",
      "parentCampaign": null,
      "officialUrl": "https://activity2.yalla.live/activity/YallaActivity2021/Yalla01/LuckyCard/Dist/",
      "spaRoot": "/activity/YallaActivity2021/Yalla01/LuckyCard/Dist/",
      "projectSlug": "Yalla01/LuckyCard/Dist",
      "status": "OFFICIAL_URL_EXPIRED",
      "quality": "C",
      "currentReleaseVerified": false,
      "fileCount": 3,
      "assetCount": 0,
      "stateCount": 0,
      "routeCount": 0,
      "routes": [],
      "localReplay": false,
      "screenshot": false,
      "screenshots": [],
      "qa": {},
      "notes": [
        "No non-generic official SPA root was recovered in this run."
      ]
    },
    {
      "id": "yalla-national-day-replacement-2020",
      "name": "National Day Replacement 2020",
      "year": 2020,
      "campaign": "Yalla National Day 2020",
      "parentCampaign": null,
      "officialUrl": "https://activity2.yalla.live/activity/YallaActivity2020/NationalDayReplacement/dist/",
      "spaRoot": "/activity/YallaActivity2020/NationalDayReplacement/dist/",
      "projectSlug": "NationalDayReplacement/dist",
      "status": "OFFICIAL_URL_EXPIRED",
      "quality": "C",
      "currentReleaseVerified": false,
      "fileCount": 3,
      "assetCount": 0,
      "stateCount": 0,
      "routeCount": 0,
      "routes": [],
      "localReplay": false,
      "screenshot": false,
      "screenshots": [],
      "qa": {},
      "notes": [
        "No non-generic official SPA root was recovered in this run."
      ]
    },
    {
      "id": "yalla-turkey-fathers-day-2020",
      "name": "Turkey Father's Day 2020",
      "year": 2020,
      "campaign": "Yalla Turkey Father's Day 2020",
      "parentCampaign": null,
      "officialUrl": "https://activity2.yalla.live/activity/YallaActivity2020/TurkeyFatherDay/build/",
      "spaRoot": "/activity/YallaActivity2020/TurkeyFatherDay/build/",
      "projectSlug": "TurkeyFatherDay/build",
      "status": "OFFICIAL_URL_EXPIRED",
      "quality": "C",
      "currentReleaseVerified": false,
      "fileCount": 3,
      "assetCount": 0,
      "stateCount": 0,
      "routeCount": 0,
      "routes": [],
      "localReplay": false,
      "screenshot": false,
      "screenshots": [],
      "qa": {},
      "notes": [
        "No non-generic official SPA root was recovered in this run."
      ]
    },
    {
      "id": "yalla-national-day-2021",
      "name": "National Day 2021",
      "year": 2021,
      "campaign": "Yalla National Day 2021",
      "parentCampaign": null,
      "officialUrl": "https://activity2.yalla.live/activity/YallaActivity2021/Yalla02/NationalDay/dist/",
      "spaRoot": "/activity/YallaActivity2021/Yalla02/NationalDay/dist/",
      "activityId": null,
      "projectSlug": "Yalla02/NationalDay/dist",
      "routes": [
        "/"
      ],
      "routeCount": 1,
      "stateCount": 1,
      "assetCount": 1,
      "fileCount": 5,
      "apiCount": 0,
      "fixtureCount": 0,
      "sourceType": "OFFICIAL_SPA_LIVE_AND_ARCHIVE_CLOSURE",
      "status": "OFFICIAL_URL_EXPIRED",
      "quality": "C",
      "localReplay": true,
      "screenshot": true,
      "currentReleaseVerified": false,
      "screenshots": [
        "screenshots/yalla-national-day-2021/01-National_Day.png"
      ],
      "metrics": {
        "totalBytes": 60031,
        "jsCount": 1,
        "cssCount": 0,
        "imageCount": 1,
        "fontCount": 0,
        "archivedFileCount": 2,
        "liveFileCount": 3,
        "richStateCount": 0,
        "keywordHits": [],
        "closureOk": false,
        "runtimeOk": true,
        "fixtureOk": false,
        "depthOk": false,
        "assetOk": false
      },
      "qa": {
        "brokenImages": 0,
        "consoleFatalErrors": 0,
        "missingChunks": 2,
        "unmappedRequests": 3,
        "remoteIframes": 0,
        "remoteRuntimeFallback": 0,
        "missingStaticAssets": 0
      },
      "notes": [
        "Original official HTML, JS, CSS, chunks and assets are preserved from Yalla production URLs and public web archives.",
        "Offline replay blocks every remote request and uses captured responses only.",
        "No users, rankings, rewards or gameplay outcomes are fabricated."
      ]
    },
    {
      "id": "yalla-morocco-national-day-2020",
      "name": "Morocco National Day 2020",
      "year": 2020,
      "campaign": "Yalla Morocco National Day 2020",
      "parentCampaign": null,
      "officialUrl": "https://activity2.yalla.live/activity/YallaActivity2020/NationalDayMorocco/dist/",
      "spaRoot": "/activity/YallaActivity2020/NationalDayMorocco/dist/",
      "projectSlug": "NationalDayMorocco/dist",
      "status": "OFFICIAL_URL_EXPIRED",
      "quality": "C",
      "currentReleaseVerified": false,
      "fileCount": 3,
      "assetCount": 0,
      "stateCount": 0,
      "routeCount": 0,
      "routes": [],
      "localReplay": false,
      "screenshot": false,
      "screenshots": [],
      "qa": {},
      "notes": [
        "No non-generic official SPA root was recovered in this run."
      ]
    },
    {
      "id": "yalla-national-day-template-2021",
      "name": "National Day Template 2021",
      "year": 2021,
      "campaign": "Yalla National Day Template 2021",
      "parentCampaign": null,
      "officialUrl": "https://activity2.yalla.live/activity/YallaActivity2021/Yalla03/NationalDayTemplate/dist/",
      "spaRoot": "/activity/YallaActivity2021/Yalla03/NationalDayTemplate/dist/",
      "activityId": null,
      "projectSlug": "Yalla03/NationalDayTemplate/dist",
      "routes": [
        "/"
      ],
      "routeCount": 1,
      "stateCount": 1,
      "assetCount": 0,
      "fileCount": 3,
      "apiCount": 0,
      "fixtureCount": 0,
      "sourceType": "OFFICIAL_SPA_LIVE_AND_ARCHIVE_CLOSURE",
      "status": "OFFICIAL_URL_EXPIRED",
      "quality": "C",
      "localReplay": true,
      "screenshot": true,
      "currentReleaseVerified": false,
      "screenshots": [
        "screenshots/yalla-national-day-template-2021/01-National_Day.png"
      ],
      "metrics": {
        "totalBytes": 32526,
        "jsCount": 1,
        "cssCount": 0,
        "imageCount": 0,
        "fontCount": 0,
        "archivedFileCount": 0,
        "liveFileCount": 3,
        "richStateCount": 1,
        "keywordHits": [
          "template"
        ],
        "closureOk": false,
        "runtimeOk": true,
        "fixtureOk": false,
        "depthOk": false,
        "assetOk": false
      },
      "qa": {
        "brokenImages": 0,
        "consoleFatalErrors": 0,
        "missingChunks": 3,
        "unmappedRequests": 5,
        "remoteIframes": 0,
        "remoteRuntimeFallback": 0,
        "missingStaticAssets": 1
      },
      "notes": [
        "Original official HTML, JS, CSS, chunks and assets are preserved from Yalla production URLs and public web archives.",
        "Offline replay blocks every remote request and uses captured responses only.",
        "No users, rankings, rewards or gameplay outcomes are fabricated."
      ]
    }
  ]
}
{
  "output": "pro-yalla-rich-spa-increment-round6",
  "registry": "pro-yalla-rich-spa-increment-round6/registry/yalla-activity-registry-round6.json",
  "accepted": 0
}
