{
  "assets": 12,
  "js": 6,
  "endpoints": [
    "/Api/GeneralTemplate/ExchangeMedal",
    "/Api/GeneralTemplate/GetExchangeMedalCount",
    "/Api/GeneralTemplate/GetMedalConfigList",
    "/api/Buried/GetDomain",
    "/api/Buried/ManagerBuried",
    "/api/GeneralTemplate/ClickRank",
    "/api/GeneralTemplate/GetActivityInfo",
    "/api/GeneralTemplate/GetProcessReward",
    "/api/GeneralTemplate/GetRankV2",
    "/api/GeneralTemplate/GetRecordInfo",
    "/api/GeneralTemplate/GetRewardByRecordId",
    "/api/GeneralTemplate/GetRewardInfo",
    "/api/GeneralTemplate/GetUserInfo",
    "/api/GeneralTemplate/Init",
    "/api/GeneralTemplate/MultLottery",
    "/api/GeneralTemplate/ReceiveReward"
  ],
  "paths": [
    "/Api/GeneralTemplate/ExchangeMedal",
    "/Api/GeneralTemplate/GetExchangeMedalCount",
    "/Api/GeneralTemplate/GetMedalConfigList",
    "/activity/2024dist/templateActivity/",
    "/api/Buried/GetDomain",
    "/api/Buried/ManagerBuried",
    "/api/GeneralTemplate/ClickRank",
    "/api/GeneralTemplate/GetActivityInfo",
    "/api/GeneralTemplate/GetProcessReward",
    "/api/GeneralTemplate/GetRankV2",
    "/api/GeneralTemplate/GetRecordInfo",
    "/api/GeneralTemplate/GetRewardByRecordId",
    "/api/GeneralTemplate/GetRewardInfo",
    "/api/GeneralTemplate/GetUserInfo",
    "/api/GeneralTemplate/MultLottery",
    "/api/GeneralTemplate/ReceiveReward"
  ]
}
