{"host": "https://activity2.yalla.live", "activityId": "240207", "auth": "blank", "method": "init", "status": 400, "bytes": 163, "body": "{\"type\":\"https://tools.ietf.org/html/rfc7231#section-6.5.1\",\"title\":\"Bad Request\",\"status\":400,\"traceId\":\"00-973e47ead343b0b60a1fe400e9aaee73-c3f6d237309be813-00\"}", "error": null}
{"host": "https://activity2.yalla.live", "activityId": "240207", "auth": "blank", "method": "activity-info", "status": 400, "bytes": 163, "body": "{\"type\":\"https://tools.ietf.org/html/rfc7231#section-6.5.1\",\"title\":\"Bad Request\",\"status\":400,\"traceId\":\"00-a2b3c847953059055b6ad041db321303-f2ebf7741bcf3e20-00\"}", "error": null}
{"host": "https://activity2.yalla.live", "activityId": "240207", "auth": "zero", "method": "init", "status": 400, "bytes": 163, "body": "{\"type\":\"https://tools.ietf.org/html/rfc7231#section-6.5.1\",\"title\":\"Bad Request\",\"status\":400,\"traceId\":\"00-408143aef7891e35076c15453a043cce-2da21fc774858eb5-00\"}", "error": null}
{"host": "https://activity2.yalla.live", "activityId": "240207", "auth": "zero", "method": "activity-info", "status": 400, "bytes": 163, "body": "{\"type\":\"https://tools.ietf.org/html/rfc7231#section-6.5.1\",\"title\":\"Bad Request\",\"status\":400,\"traceId\":\"00-efbf21cee83e26c5de35131a74d14489-0c1bd3a004574d96-00\"}", "error": null}
{"host": "https://activity2.yalla.live", "activityId": "240207", "auth": "archive", "method": "init", "status": 204, "bytes": 0, "body": "", "error": null}
{"host": "https://activity2.yalla.live", "activityId": "240207", "auth": "archive", "method": "activity-info", "status": 204, "bytes": 0, "body": "", "error": null}
{"host": "https://activity2.yalla.live", "activityId": "240207", "auth": "legacy", "method": "init", "status": 204, "bytes": 0, "body": "", "error": null}
{"host": "https://activity2.yalla.live", "activityId": "240207", "auth": "legacy", "method": "activity-info", "status": 204, "bytes": 0, "body": "", "error": null}
{"host": "https://activity2.yalla.live", "activityId": "240221", "auth": "blank", "method": "init", "status": 400, "bytes": 163, "body": "{\"type\":\"https://tools.ietf.org/html/rfc7231#section-6.5.1\",\"title\":\"Bad Request\",\"status\":400,\"traceId\":\"00-f6ff47ef02a39899a58d0a5f8442be31-d3552bafd84792bf-00\"}", "error": null}
{"host": "https://activity2.yalla.live", "activityId": "240221", "auth": "blank", "method": "activity-info", "status": 400, "bytes": 163, "body": "{\"type\":\"https://tools.ietf.org/html/rfc7231#section-6.5.1\",\"title\":\"Bad Request\",\"status\":400,\"traceId\":\"00-0a4ff73a9b75065c7d524c72b3161efc-c1109f697759dc1c-00\"}", "error": null}
{"host": "https://activity2.yalla.live", "activityId": "240221", "auth": "zero", "method": "init", "status": 400, "bytes": 163, "body": "{\"type\":\"https://tools.ietf.org/html/rfc7231#section-6.5.1\",\"title\":\"Bad Request\",\"status\":400,\"traceId\":\"00-208ce9c654be6ad5f47180d58c4c2fad-a2c5a695b7b05076-00\"}", "error": null}
{"host": "https://activity2.yalla.live", "activityId": "240221", "auth": "zero", "method": "activity-info", "status": 400, "bytes": 163, "body": "{\"type\":\"https://tools.ietf.org/html/rfc7231#section-6.5.1\",\"title\":\"Bad Request\",\"status\":400,\"traceId\":\"00-552fd67b1e200646f48d78fb231cb587-2bcc50552b383245-00\"}", "error": null}
{"host": "https://activity2.yalla.live", "activityId": "240221", "auth": "archive", "method": "init", "status": 401, "bytes": 162, "body": "{\"type\":\"https://tools.ietf.org/html/rfc7235#section-3.1\",\"title\":\"Unauthorized\",\"status\":401,\"traceId\":\"00-c131d94a6e16ecac1db829cb9e0be1e2-b92dff801b744aba-00\"}", "error": null}
{"host": "https://activity2.yalla.live", "activityId": "240221", "auth": "archive", "method": "activity-info", "status": 401, "bytes": 162, "body": "{\"type\":\"https://tools.ietf.org/html/rfc7235#section-3.1\",\"title\":\"Unauthorized\",\"status\":401,\"traceId\":\"00-0241f8539e8dafb05d1d68953e2a848e-a80e37a6cc632577-00\"}", "error": null}
{"host": "https://activity2.yalla.live", "activityId": "240221", "auth": "legacy", "method": "init", "status": 401, "bytes": 162, "body": "{\"type\":\"https://tools.ietf.org/html/rfc7235#section-3.1\",\"title\":\"Unauthorized\",\"status\":401,\"traceId\":\"00-11e8a804cfc0a5cfd964ccab88a97b71-89888046440794f3-00\"}", "error": null}
{"host": "https://activity2.yalla.live", "activityId": "240221", "auth": "legacy", "method": "activity-info", "status": 401, "bytes": 162, "body": "{\"type\":\"https://tools.ietf.org/html/rfc7235#section-3.1\",\"title\":\"Unauthorized\",\"status\":401,\"traceId\":\"00-aefe3caf4d05ec787ff807aae61cca90-dd1b5f3a83527e85-00\"}", "error": null}
{"host": "https://activity2.yalla.live", "activityId": "240409", "auth": "blank", "method": "init", "status": 400, "bytes": 163, "body": "{\"type\":\"https://tools.ietf.org/html/rfc7231#section-6.5.1\",\"title\":\"Bad Request\",\"status\":400,\"traceId\":\"00-570eb6bfb9fd723974380047134d0ae2-42526b834bfab920-00\"}", "error": null}
{"host": "https://activity2.yalla.live", "activityId": "240409", "auth": "blank", "method": "activity-info", "status": 400, "bytes": 163, "body": "{\"type\":\"https://tools.ietf.org/html/rfc7231#section-6.5.1\",\"title\":\"Bad Request\",\"status\":400,\"traceId\":\"00-a1507ef19b4a283fd3a70034a9c1a854-889b3b647e1eb3c3-00\"}", "error": null}
{"host": "https://activity2.yalla.live", "activityId": "240409", "auth": "zero", "method": "init", "status": 400, "bytes": 163, "body": "{\"type\":\"https://tools.ietf.org/html/rfc7231#section-6.5.1\",\"title\":\"Bad Request\",\"status\":400,\"traceId\":\"00-b396fa0fe68a8afb4b46af1c11cbab6e-04c6398c7263d8a0-00\"}", "error": null}
{"host": "https://activity2.yalla.live", "activityId": "240409", "auth": "zero", "method": "activity-info", "status": 400, "bytes": 163, "body": "{\"type\":\"https://tools.ietf.org/html/rfc7231#section-6.5.1\",\"title\":\"Bad Request\",\"status\":400,\"traceId\":\"00-5e8b98e4a41be6f426d3237d7a6f57d6-067cb3a62fff3c32-00\"}", "error": null}
{"host": "https://activity2.yalla.live", "activityId": "240409", "auth": "archive", "method": "init", "status": 401, "bytes": 162, "body": "{\"type\":\"https://tools.ietf.org/html/rfc7235#section-3.1\",\"title\":\"Unauthorized\",\"status\":401,\"traceId\":\"00-db87fe762180a4cc4ed0640e58bc3435-b31c3294f4367c31-00\"}", "error": null}
{"host": "https://activity2.yalla.live", "activityId": "240409", "auth": "archive", "method": "activity-info", "status": 401, "bytes": 162, "body": "{\"type\":\"https://tools.ietf.org/html/rfc7235#section-3.1\",\"title\":\"Unauthorized\",\"status\":401,\"traceId\":\"00-20efe3d0183427f27e7b341aa1e0ba0a-8a6e97975db90bc2-00\"}", "error": null}
{"host": "https://activity2.yalla.live", "activityId": "240409", "auth": "legacy", "method": "init", "status": 401, "bytes": 162, "body": "{\"type\":\"https://tools.ietf.org/html/rfc7235#section-3.1\",\"title\":\"Unauthorized\",\"status\":401,\"traceId\":\"00-1efb5677f27607d9d7524f813278a41c-77a333c81fe0118c-00\"}", "error": null}
{"host": "https://activity2.yalla.live", "activityId": "240409", "auth": "legacy", "method": "activity-info", "status": 401, "bytes": 162, "body": "{\"type\":\"https://tools.ietf.org/html/rfc7235#section-3.1\",\"title\":\"Unauthorized\",\"status\":401,\"traceId\":\"00-2e86d0751cd20ec24b86464e94168be4-6f4e8fb47c42bd99-00\"}", "error": null}
{"host": "https://activity2.yalla.live", "activityId": "240530", "auth": "blank", "method": "init", "status": 400, "bytes": 163, "body": "{\"type\":\"https://tools.ietf.org/html/rfc7231#section-6.5.1\",\"title\":\"Bad Request\",\"status\":400,\"traceId\":\"00-11c5b1d1c38716ae330cc1b967080b76-9df1460f965fe204-00\"}", "error": null}
{"host": "https://activity2.yalla.live", "activityId": "240530", "auth": "blank", "method": "activity-info", "status": 400, "bytes": 163, "body": "{\"type\":\"https://tools.ietf.org/html/rfc7231#section-6.5.1\",\"title\":\"Bad Request\",\"status\":400,\"traceId\":\"00-b3ace8af5e62333224b76d439a4064c1-b6398e4205fb25d1-00\"}", "error": null}
{"host": "https://activity2.yalla.live", "activityId": "240530", "auth": "zero", "method": "init", "status": 400, "bytes": 163, "body": "{\"type\":\"https://tools.ietf.org/html/rfc7231#section-6.5.1\",\"title\":\"Bad Request\",\"status\":400,\"traceId\":\"00-c911e8593d59105cfcafe9675c403685-3bfe5c49b28bd911-00\"}", "error": null}
{"host": "https://activity2.yalla.live", "activityId": "240530", "auth": "zero", "method": "activity-info", "status": 400, "bytes": 163, "body": "{\"type\":\"https://tools.ietf.org/html/rfc7231#section-6.5.1\",\"title\":\"Bad Request\",\"status\":400,\"traceId\":\"00-a234e3c3b3f4389d43ee5df97f7dcbd9-715a5f21f00e0047-00\"}", "error": null}
{"host": "https://activity2.yalla.live", "activityId": "240530", "auth": "archive", "method": "init", "status": 204, "bytes": 0, "body": "", "error": null}
{"host": "https://activity2.yalla.live", "activityId": "240530", "auth": "archive", "method": "activity-info", "status": 204, "bytes": 0, "body": "", "error": null}
{"host": "https://activity2.yalla.live", "activityId": "240530", "auth": "legacy", "method": "init", "status": 204, "bytes": 0, "body": "", "error": null}
{"host": "https://activity2.yalla.live", "activityId": "240530", "auth": "legacy", "method": "activity-info", "status": 204, "bytes": 0, "body": "", "error": null}
{"host": "https://activity2.yalla.live", "activityId": "240531", "auth": "blank", "method": "init", "status": 400, "bytes": 163, "body": "{\"type\":\"https://tools.ietf.org/html/rfc7231#section-6.5.1\",\"title\":\"Bad Request\",\"status\":400,\"traceId\":\"00-981184e253c28af41b970d15dc48f7a7-bfd594cd7ab47662-00\"}", "error": null}
{"host": "https://activity2.yalla.live", "activityId": "240531", "auth": "blank", "method": "activity-info", "status": 400, "bytes": 163, "body": "{\"type\":\"https://tools.ietf.org/html/rfc7231#section-6.5.1\",\"title\":\"Bad Request\",\"status\":400,\"traceId\":\"00-bd8fb86fb778c17107962a2b458033f4-25d2617e2a440520-00\"}", "error": null}
{"host": "https://activity2.yalla.live", "activityId": "240531", "auth": "zero", "method": "init", "status": 400, "bytes": 163, "body": "{\"type\":\"https://tools.ietf.org/html/rfc7231#section-6.5.1\",\"title\":\"Bad Request\",\"status\":400,\"traceId\":\"00-0d4dfb8818438675c7874f0c53e01969-fa1a11d930795e68-00\"}", "error": null}
{"host": "https://activity2.yalla.live", "activityId": "240531", "auth": "zero", "method": "activity-info", "status": 400, "bytes": 163, "body": "{\"type\":\"https://tools.ietf.org/html/rfc7231#section-6.5.1\",\"title\":\"Bad Request\",\"status\":400,\"traceId\":\"00-6d95c77e63164957b2a6b95b02b1ea03-82511db62cb784bb-00\"}", "error": null}
{"host": "https://activity2.yalla.live", "activityId": "240531", "auth": "archive", "method": "init", "status": 204, "bytes": 0, "body": "", "error": null}
{"host": "https://activity2.yalla.live", "activityId": "240531", "auth": "archive", "method": "activity-info", "status": 204, "bytes": 0, "body": "", "error": null}
{"host": "https://activity2.yalla.live", "activityId": "240531", "auth": "legacy", "method": "init", "status": 204, "bytes": 0, "body": "", "error": null}
{"host": "https://activity2.yalla.live", "activityId": "240531", "auth": "legacy", "method": "activity-info", "status": 204, "bytes": 0, "body": "", "error": null}
{"host": "https://activity2.yalla.live", "activityId": "240601", "auth": "blank", "method": "init", "status": 400, "bytes": 163, "body": "{\"type\":\"https://tools.ietf.org/html/rfc7231#section-6.5.1\",\"title\":\"Bad Request\",\"status\":400,\"traceId\":\"00-88b3806df3afd6607110a4b7479b7805-24a878cb543426c0-00\"}", "error": null}
{"host": "https://activity2.yalla.live", "activityId": "240601", "auth": "blank", "method": "activity-info", "status": 400, "bytes": 163, "body": "{\"type\":\"https://tools.ietf.org/html/rfc7231#section-6.5.1\",\"title\":\"Bad Request\",\"status\":400,\"traceId\":\"00-aa1b027397f6348aad419c51d94e4901-a40f89d8dca95129-00\"}", "error": null}
{"host": "https://activity2.yalla.live", "activityId": "240601", "auth": "zero", "method": "init", "status": 400, "bytes": 163, "body": "{\"type\":\"https://tools.ietf.org/html/rfc7231#section-6.5.1\",\"title\":\"Bad Request\",\"status\":400,\"traceId\":\"00-b7bb73e8a0f39aaec7d51711a1d9a2ca-588be56ba755023f-00\"}", "error": null}
{"host": "https://activity2.yalla.live", "activityId": "240601", "auth": "zero", "method": "activity-info", "status": 400, "bytes": 163, "body": "{\"type\":\"https://tools.ietf.org/html/rfc7231#section-6.5.1\",\"title\":\"Bad Request\",\"status\":400,\"traceId\":\"00-b952298e64b643b5021b62a355789887-3987e253d78c0725-00\"}", "error": null}
{"host": "https://activity2.yalla.live", "activityId": "240601", "auth": "archive", "method": "init", "status": 204, "bytes": 0, "body": "", "error": null}
{"host": "https://activity2.yalla.live", "activityId": "240601", "auth": "archive", "method": "activity-info", "status": 204, "bytes": 0, "body": "", "error": null}
{"host": "https://activity2.yalla.live", "activityId": "240601", "auth": "legacy", "method": "init", "status": 204, "bytes": 0, "body": "", "error": null}
{"host": "https://activity2.yalla.live", "activityId": "240601", "auth": "legacy", "method": "activity-info", "status": 204, "bytes": 0, "body": "", "error": null}
{"host": "https://activity2.yalla.live", "activityId": "240815", "auth": "blank", "method": "init", "status": 400, "bytes": 163, "body": "{\"type\":\"https://tools.ietf.org/html/rfc7231#section-6.5.1\",\"title\":\"Bad Request\",\"status\":400,\"traceId\":\"00-b1d6c192dfd83e6ac4d4a767093cad25-e8e7c45255b3396f-00\"}", "error": null}
{"host": "https://activity2.yalla.live", "activityId": "240815", "auth": "blank", "method": "activity-info", "status": 400, "bytes": 163, "body": "{\"type\":\"https://tools.ietf.org/html/rfc7231#section-6.5.1\",\"title\":\"Bad Request\",\"status\":400,\"traceId\":\"00-282f2a852a0a1859cb72b60dae18fa44-326b403ae69afa47-00\"}", "error": null}
{"host": "https://activity2.yalla.live", "activityId": "240815", "auth": "zero", "method": "init", "status": 400, "bytes": 163, "body": "{\"type\":\"https://tools.ietf.org/html/rfc7231#section-6.5.1\",\"title\":\"Bad Request\",\"status\":400,\"traceId\":\"00-77098ad28fbb72b9856b2a569f03d482-2b836385714d5b81-00\"}", "error": null}
{"host": "https://activity2.yalla.live", "activityId": "240815", "auth": "zero", "method": "activity-info", "status": 400, "bytes": 163, "body": "{\"type\":\"https://tools.ietf.org/html/rfc7231#section-6.5.1\",\"title\":\"Bad Request\",\"status\":400,\"traceId\":\"00-2ab9ddf2bd0d5e45d098d540e3ffb255-3578abee0c10733a-00\"}", "error": null}
{"host": "https://activity2.yalla.live", "activityId": "240815", "auth": "archive", "method": "init", "status": 204, "bytes": 0, "body": "", "error": null}
{"host": "https://activity2.yalla.live", "activityId": "240815", "auth": "archive", "method": "activity-info", "status": 204, "bytes": 0, "body": "", "error": null}
{"host": "https://activity2.yalla.live", "activityId": "240815", "auth": "legacy", "method": "init", "status": 204, "bytes": 0, "body": "", "error": null}
{"host": "https://activity2.yalla.live", "activityId": "240815", "auth": "legacy", "method": "activity-info", "status": 204, "bytes": 0, "body": "", "error": null}
{"host": "https://activity2.yalla.live", "activityId": "241022", "auth": "blank", "method": "init", "status": 400, "bytes": 163, "body": "{\"type\":\"https://tools.ietf.org/html/rfc7231#section-6.5.1\",\"title\":\"Bad Request\",\"status\":400,\"traceId\":\"00-f1777ce111cce949450f58f354863053-a34f38a4555d9468-00\"}", "error": null}
{"host": "https://activity2.yalla.live", "activityId": "241022", "auth": "blank", "method": "activity-info", "status": 400, "bytes": 163, "body": "{\"type\":\"https://tools.ietf.org/html/rfc7231#section-6.5.1\",\"title\":\"Bad Request\",\"status\":400,\"traceId\":\"00-c0f870af68ad9b19dd9d6b16969b3743-6e43120627c38f47-00\"}", "error": null}
{"host": "https://activity2.yalla.live", "activityId": "241022", "auth": "zero", "method": "init", "status": 400, "bytes": 163, "body": "{\"type\":\"https://tools.ietf.org/html/rfc7231#section-6.5.1\",\"title\":\"Bad Request\",\"status\":400,\"traceId\":\"00-ba8995d1da7f509bb6626ee260211a43-d60b584cef512927-00\"}", "error": null}
{"host": "https://activity2.yalla.live", "activityId": "241022", "auth": "zero", "method": "activity-info", "status": 400, "bytes": 163, "body": "{\"type\":\"https://tools.ietf.org/html/rfc7231#section-6.5.1\",\"title\":\"Bad Request\",\"status\":400,\"traceId\":\"00-a6ffd6bbccb9f927b2286bfe72090767-e769e58ed8b315ec-00\"}", "error": null}
{"host": "https://activity2.yalla.live", "activityId": "241022", "auth": "archive", "method": "init", "status": 204, "bytes": 0, "body": "", "error": null}
{"host": "https://activity2.yalla.live", "activityId": "241022", "auth": "archive", "method": "activity-info", "status": 204, "bytes": 0, "body": "", "error": null}
{"host": "https://activity2.yalla.live", "activityId": "241022", "auth": "legacy", "method": "init", "status": 204, "bytes": 0, "body": "", "error": null}
{"host": "https://activity2.yalla.live", "activityId": "241022", "auth": "legacy", "method": "activity-info", "status": 204, "bytes": 0, "body": "", "error": null}
{"host": "https://activity2.yalla.live", "activityId": "250426", "auth": "blank", "method": "init", "status": 400, "bytes": 163, "body": "{\"type\":\"https://tools.ietf.org/html/rfc7231#section-6.5.1\",\"title\":\"Bad Request\",\"status\":400,\"traceId\":\"00-71b1b19fa89e9ee74c937698aabc8376-53f3a600b7d192cc-00\"}", "error": null}
{"host": "https://activity2.yalla.live", "activityId": "250426", "auth": "blank", "method": "activity-info", "status": 400, "bytes": 163, "body": "{\"type\":\"https://tools.ietf.org/html/rfc7231#section-6.5.1\",\"title\":\"Bad Request\",\"status\":400,\"traceId\":\"00-1a622f847eafc276d546b29f4a012fa0-c1b64023a30ce43c-00\"}", "error": null}
{"host": "https://activity2.yalla.live", "activityId": "250426", "auth": "zero", "method": "init", "status": 400, "bytes": 163, "body": "{\"type\":\"https://tools.ietf.org/html/rfc7231#section-6.5.1\",\"title\":\"Bad Request\",\"status\":400,\"traceId\":\"00-b6a8f9762663adf2c3dd87e6b7686574-69488d181a427e89-00\"}", "error": null}
{"host": "https://activity2.yalla.live", "activityId": "250426", "auth": "zero", "method": "activity-info", "status": 400, "bytes": 163, "body": "{\"type\":\"https://tools.ietf.org/html/rfc7231#section-6.5.1\",\"title\":\"Bad Request\",\"status\":400,\"traceId\":\"00-e8bb80180fbd1bd2d68cb6d852526e76-7fafe7773ef7302c-00\"}", "error": null}
{"host": "https://activity2.yalla.live", "activityId": "250426", "auth": "archive", "method": "init", "status": 401, "bytes": 162, "body": "{\"type\":\"https://tools.ietf.org/html/rfc7235#section-3.1\",\"title\":\"Unauthorized\",\"status\":401,\"traceId\":\"00-deaa7ce2e32e3e043476b44d9f154523-21e6c42d9cbaf7ad-00\"}", "error": null}
{"host": "https://activity2.yalla.live", "activityId": "250426", "auth": "archive", "method": "activity-info", "status": 401, "bytes": 162, "body": "{\"type\":\"https://tools.ietf.org/html/rfc7235#section-3.1\",\"title\":\"Unauthorized\",\"status\":401,\"traceId\":\"00-60e9209a9775e7c265f9e81dc5bb580f-af54aabb90d53240-00\"}", "error": null}
{"host": "https://activity2.yalla.live", "activityId": "250426", "auth": "legacy", "method": "init", "status": 401, "bytes": 162, "body": "{\"type\":\"https://tools.ietf.org/html/rfc7235#section-3.1\",\"title\":\"Unauthorized\",\"status\":401,\"traceId\":\"00-1c43e83a674ad1e8ae1313d1df99e694-925b0c45da9ce6d1-00\"}", "error": null}
{"host": "https://activity2.yalla.live", "activityId": "250426", "auth": "legacy", "method": "activity-info", "status": 401, "bytes": 162, "body": "{\"type\":\"https://tools.ietf.org/html/rfc7235#section-3.1\",\"title\":\"Unauthorized\",\"status\":401,\"traceId\":\"00-29357305fd6a3c33ae07964562e059d2-8bc3a139d8401a31-00\"}", "error": null}
{"host": "https://activity2.yalla.live", "activityId": "260212", "auth": "blank", "method": "init", "status": 400, "bytes": 163, "body": "{\"type\":\"https://tools.ietf.org/html/rfc7231#section-6.5.1\",\"title\":\"Bad Request\",\"status\":400,\"traceId\":\"00-97f934aecd7e08c331d0bccd1006e6bf-94a74104000c6185-00\"}", "error": null}
{"host": "https://activity2.yalla.live", "activityId": "260212", "auth": "blank", "method": "activity-info", "status": 400, "bytes": 163, "body": "{\"type\":\"https://tools.ietf.org/html/rfc7231#section-6.5.1\",\"title\":\"Bad Request\",\"status\":400,\"traceId\":\"00-7c5a270503f276932ebea73bc8a77c36-77abed7a78832457-00\"}", "error": null}
{"host": "https://activity2.yalla.live", "activityId": "260212", "auth": "zero", "method": "init", "status": 400, "bytes": 163, "body": "{\"type\":\"https://tools.ietf.org/html/rfc7231#section-6.5.1\",\"title\":\"Bad Request\",\"status\":400,\"traceId\":\"00-e1fedaab73fba286c49378637b9c78c4-983a9ba30f124f32-00\"}", "error": null}
{"host": "https://activity2.yalla.live", "activityId": "260212", "auth": "zero", "method": "activity-info", "status": 400, "bytes": 163, "body": "{\"type\":\"https://tools.ietf.org/html/rfc7231#section-6.5.1\",\"title\":\"Bad Request\",\"status\":400,\"traceId\":\"00-5808cf345f3e7b29ca2057bd4c75a986-4d917cf61b5bd9a9-00\"}", "error": null}
{"host": "https://activity2.yalla.live", "activityId": "260212", "auth": "archive", "method": "init", "status": 204, "bytes": 0, "body": "", "error": null}
{"host": "https://activity2.yalla.live", "activityId": "260212", "auth": "archive", "method": "activity-info", "status": 204, "bytes": 0, "body": "", "error": null}
{"host": "https://activity2.yalla.live", "activityId": "260212", "auth": "legacy", "method": "init", "status": 204, "bytes": 0, "body": "", "error": null}
{"host": "https://activity2.yalla.live", "activityId": "260212", "auth": "legacy", "method": "activity-info", "status": 204, "bytes": 0, "body": "", "error": null}
{"host": "https://activity2.yalla.live", "activityId": "20240207", "auth": "blank", "method": "init", "status": 400, "bytes": 163, "body": "{\"type\":\"https://tools.ietf.org/html/rfc7231#section-6.5.1\",\"title\":\"Bad Request\",\"status\":400,\"traceId\":\"00-d33142f81cee67b26e0b7c5845aa4c10-c3594f90ad94e747-00\"}", "error": null}
{"host": "https://activity2.yalla.live", "activityId": "20240207", "auth": "blank", "method": "activity-info", "status": 400, "bytes": 163, "body": "{\"type\":\"https://tools.ietf.org/html/rfc7231#section-6.5.1\",\"title\":\"Bad Request\",\"status\":400,\"traceId\":\"00-6c622583b2ac985906ff245afbed627b-13be1cf6bf5d4008-00\"}", "error": null}
{"host": "https://activity2.yalla.live", "activityId": "20240207", "auth": "zero", "method": "init", "status": 400, "bytes": 163, "body": "{\"type\":\"https://tools.ietf.org/html/rfc7231#section-6.5.1\",\"title\":\"Bad Request\",\"status\":400,\"traceId\":\"00-28bd14ad8c3d0c2c3ba2cedbed0740b5-989b4fc51771a9d3-00\"}", "error": null}
{"host": "https://activity2.yalla.live", "activityId": "20240207", "auth": "zero", "method": "activity-info", "status": 400, "bytes": 163, "body": "{\"type\":\"https://tools.ietf.org/html/rfc7231#section-6.5.1\",\"title\":\"Bad Request\",\"status\":400,\"traceId\":\"00-863ec6ef351cde87270cdc6f468fc2ef-9549b931072285ad-00\"}", "error": null}
{"host": "https://activity2.yalla.live", "activityId": "20240207", "auth": "archive", "method": "init", "status": 204, "bytes": 0, "body": "", "error": null}
{"host": "https://activity2.yalla.live", "activityId": "20240207", "auth": "archive", "method": "activity-info", "status": 204, "bytes": 0, "body": "", "error": null}
{"host": "https://activity2.yalla.live", "activityId": "20240207", "auth": "legacy", "method": "init", "status": 204, "bytes": 0, "body": "", "error": null}
{"host": "https://activity2.yalla.live", "activityId": "20240207", "auth": "legacy", "method": "activity-info", "status": 204, "bytes": 0, "body": "", "error": null}
{"host": "https://activity2.yalla.live", "activityId": "20240221", "auth": "blank", "method": "init", "status": 400, "bytes": 163, "body": "{\"type\":\"https://tools.ietf.org/html/rfc7231#section-6.5.1\",\"title\":\"Bad Request\",\"status\":400,\"traceId\":\"00-da181170ddedd5c6c899bc1f7f5f9899-43f315106cd1e329-00\"}", "error": null}
{"host": "https://activity2.yalla.live", "activityId": "20240221", "auth": "blank", "method": "activity-info", "status": 400, "bytes": 163, "body": "{\"type\":\"https://tools.ietf.org/html/rfc7231#section-6.5.1\",\"title\":\"Bad Request\",\"status\":400,\"traceId\":\"00-12c61ec5b4d73fc8d64fe529768c97f2-12745730d26ed5aa-00\"}", "error": null}
{"host": "https://activity2.yalla.live", "activityId": "20240221", "auth": "zero", "method": "init", "status": 400, "bytes": 163, "body": "{\"type\":\"https://tools.ietf.org/html/rfc7231#section-6.5.1\",\"title\":\"Bad Request\",\"status\":400,\"traceId\":\"00-12ff9ab03ed1255ebbb06e0869b73e9a-5ac5864dcf66d790-00\"}", "error": null}
{"host": "https://activity2.yalla.live", "activityId": "20240221", "auth": "zero", "method": "activity-info", "status": 400, "bytes": 163, "body": "{\"type\":\"https://tools.ietf.org/html/rfc7231#section-6.5.1\",\"title\":\"Bad Request\",\"status\":400,\"traceId\":\"00-1baa3256f9937ca31447a2630ddf1d70-d3bdc384c53f53c8-00\"}", "error": null}
{"host": "https://activity2.yalla.live", "activityId": "20240221", "auth": "archive", "method": "init", "status": 204, "bytes": 0, "body": "", "error": null}
{"host": "https://activity2.yalla.live", "activityId": "20240221", "auth": "archive", "method": "activity-info", "status": 204, "bytes": 0, "body": "", "error": null}
{"host": "https://activity2.yalla.live", "activityId": "20240221", "auth": "legacy", "method": "init", "status": 204, "bytes": 0, "body": "", "error": null}
{"host": "https://activity2.yalla.live", "activityId": "20240221", "auth": "legacy", "method": "activity-info", "status": 204, "bytes": 0, "body": "", "error": null}
{"host": "https://activity2.yalla.live", "activityId": "20240409", "auth": "blank", "method": "init", "status": 400, "bytes": 163, "body": "{\"type\":\"https://tools.ietf.org/html/rfc7231#section-6.5.1\",\"title\":\"Bad Request\",\"status\":400,\"traceId\":\"00-c5d9d74e1561fb9d83c0789a14ecc16d-ee9b55fcaa4fed9f-00\"}", "error": null}
{"host": "https://activity2.yalla.live", "activityId": "20240409", "auth": "blank", "method": "activity-info", "status": 400, "bytes": 163, "body": "{\"type\":\"https://tools.ietf.org/html/rfc7231#section-6.5.1\",\"title\":\"Bad Request\",\"status\":400,\"traceId\":\"00-9ab6aef095b5712078269d6c92b2796c-1225938b2f1f194b-00\"}", "error": null}
{"host": "https://activity2.yalla.live", "activityId": "20240409", "auth": "zero", "method": "init", "status": 400, "bytes": 163, "body": "{\"type\":\"https://tools.ietf.org/html/rfc7231#section-6.5.1\",\"title\":\"Bad Request\",\"status\":400,\"traceId\":\"00-f31a33d616d293eac2e91b4d8099730d-c5322cacf2a7f503-00\"}", "error": null}
{"host": "https://activity2.yalla.live", "activityId": "20240409", "auth": "zero", "method": "activity-info", "status": 400, "bytes": 163, "body": "{\"type\":\"https://tools.ietf.org/html/rfc7231#section-6.5.1\",\"title\":\"Bad Request\",\"status\":400,\"traceId\":\"00-2366ba631ee19ccebbf742a05fc44785-23c9e27effaf2aee-00\"}", "error": null}
{"host": "https://activity2.yalla.live", "activityId": "20240409", "auth": "archive", "method": "init", "status": 204, "bytes": 0, "body": "", "error": null}
{"host": "https://activity2.yalla.live", "activityId": "20240409", "auth": "archive", "method": "activity-info", "status": 204, "bytes": 0, "body": "", "error": null}
{"host": "https://activity2.yalla.live", "activityId": "20240409", "auth": "legacy", "method": "init", "status": 204, "bytes": 0, "body": "", "error": null}
{"host": "https://activity2.yalla.live", "activityId": "20240409", "auth": "legacy", "method": "activity-info", "status": 204, "bytes": 0, "body": "", "error": null}
{"host": "https://activity2.yalla.live", "activityId": "20240530", "auth": "blank", "method": "init", "status": 400, "bytes": 163, "body": "{\"type\":\"https://tools.ietf.org/html/rfc7231#section-6.5.1\",\"title\":\"Bad Request\",\"status\":400,\"traceId\":\"00-d56c5b0cd78fa69d127e1ab2103b745b-ac84c5ec8a6b4f08-00\"}", "error": null}
{"host": "https://activity2.yalla.live", "activityId": "20240530", "auth": "blank", "method": "activity-info", "status": 400, "bytes": 163, "body": "{\"type\":\"https://tools.ietf.org/html/rfc7231#section-6.5.1\",\"title\":\"Bad Request\",\"status\":400,\"traceId\":\"00-da341576686fb34732cb2c4b3eac207c-a305dfda64c69f9c-00\"}", "error": null}
{"host": "https://activity2.yalla.live", "activityId": "20240530", "auth": "zero", "method": "init", "status": 400, "bytes": 163, "body": "{\"type\":\"https://tools.ietf.org/html/rfc7231#section-6.5.1\",\"title\":\"Bad Request\",\"status\":400,\"traceId\":\"00-fb438d289d6d0312b8d63f7789a47390-809d46413aee665f-00\"}", "error": null}
{"host": "https://activity2.yalla.live", "activityId": "20240530", "auth": "zero", "method": "activity-info", "status": 400, "bytes": 163, "body": "{\"type\":\"https://tools.ietf.org/html/rfc7231#section-6.5.1\",\"title\":\"Bad Request\",\"status\":400,\"traceId\":\"00-a4b669763c3e9179200ae16de5bc21de-ef1d34a8e12c37d1-00\"}", "error": null}
{"host": "https://activity2.yalla.live", "activityId": "20240530", "auth": "archive", "method": "init", "status": 204, "bytes": 0, "body": "", "error": null}
{"host": "https://activity2.yalla.live", "activityId": "20240530", "auth": "archive", "method": "activity-info", "status": 204, "bytes": 0, "body": "", "error": null}
{"host": "https://activity2.yalla.live", "activityId": "20240530", "auth": "legacy", "method": "init", "status": 204, "bytes": 0, "body": "", "error": null}
{"host": "https://activity2.yalla.live", "activityId": "20240530", "auth": "legacy", "method": "activity-info", "status": 204, "bytes": 0, "body": "", "error": null}
{"host": "https://activity2.yalla.live", "activityId": "20240531", "auth": "blank", "method": "init", "status": 400, "bytes": 163, "body": "{\"type\":\"https://tools.ietf.org/html/rfc7231#section-6.5.1\",\"title\":\"Bad Request\",\"status\":400,\"traceId\":\"00-44f062ab84d50f6f8c189dccb8499ae4-79d6b0300a922cfb-00\"}", "error": null}
{"host": "https://activity2.yalla.live", "activityId": "20240531", "auth": "blank", "method": "activity-info", "status": 400, "bytes": 163, "body": "{\"type\":\"https://tools.ietf.org/html/rfc7231#section-6.5.1\",\"title\":\"Bad Request\",\"status\":400,\"traceId\":\"00-2a88d8e32b1b7559cc3064098385f0d5-4cd09d66e141cae7-00\"}", "error": null}
{"host": "https://activity2.yalla.live", "activityId": "20240531", "auth": "zero", "method": "init", "status": 400, "bytes": 163, "body": "{\"type\":\"https://tools.ietf.org/html/rfc7231#section-6.5.1\",\"title\":\"Bad Request\",\"status\":400,\"traceId\":\"00-a68729c723c7cff34fb93dd1a768a0e4-df12190a7ac7a871-00\"}", "error": null}
{"host": "https://activity2.yalla.live", "activityId": "20240531", "auth": "zero", "method": "activity-info", "status": 400, "bytes": 163, "body": "{\"type\":\"https://tools.ietf.org/html/rfc7231#section-6.5.1\",\"title\":\"Bad Request\",\"status\":400,\"traceId\":\"00-a3c9a786b64035d444f6f1ee48ccf7a4-6a22385be4d11889-00\"}", "error": null}
{"host": "https://activity2.yalla.live", "activityId": "20240531", "auth": "archive", "method": "init", "status": 204, "bytes": 0, "body": "", "error": null}
{"host": "https://activity2.yalla.live", "activityId": "20240531", "auth": "archive", "method": "activity-info", "status": 204, "bytes": 0, "body": "", "error": null}
{"host": "https://activity2.yalla.live", "activityId": "20240531", "auth": "legacy", "method": "init", "status": 204, "bytes": 0, "body": "", "error": null}
{"host": "https://activity2.yalla.live", "activityId": "20240531", "auth": "legacy", "method": "activity-info", "status": 204, "bytes": 0, "body": "", "error": null}
{"host": "https://activity2.yalla.live", "activityId": "20240601", "auth": "blank", "method": "init", "status": 400, "bytes": 163, "body": "{\"type\":\"https://tools.ietf.org/html/rfc7231#section-6.5.1\",\"title\":\"Bad Request\",\"status\":400,\"traceId\":\"00-2bab32e1c9162fbf921fcddb2cac62d7-52dd74889b6d323f-00\"}", "error": null}
{"host": "https://activity2.yalla.live", "activityId": "20240601", "auth": "blank", "method": "activity-info", "status": 400, "bytes": 163, "body": "{\"type\":\"https://tools.ietf.org/html/rfc7231#section-6.5.1\",\"title\":\"Bad Request\",\"status\":400,\"traceId\":\"00-bad9ec90b6a7f2c2f142fbf2c39db5ad-95f8c9ac5cdc20f6-00\"}", "error": null}
{"host": "https://activity2.yalla.live", "activityId": "20240601", "auth": "zero", "method": "init", "status": 400, "bytes": 163, "body": "{\"type\":\"https://tools.ietf.org/html/rfc7231#section-6.5.1\",\"title\":\"Bad Request\",\"status\":400,\"traceId\":\"00-35184093081388e30dcb567336460dbe-4fb2d6f1258276be-00\"}", "error": null}
{"host": "https://activity2.yalla.live", "activityId": "20240601", "auth": "zero", "method": "activity-info", "status": 400, "bytes": 163, "body": "{\"type\":\"https://tools.ietf.org/html/rfc7231#section-6.5.1\",\"title\":\"Bad Request\",\"status\":400,\"traceId\":\"00-d64f476b115455642d4eb2d758d02190-4a98bc3712678853-00\"}", "error": null}
{"host": "https://activity2.yalla.live", "activityId": "20240601", "auth": "archive", "method": "init", "status": 204, "bytes": 0, "body": "", "error": null}
{"host": "https://activity2.yalla.live", "activityId": "20240601", "auth": "archive", "method": "activity-info", "status": 204, "bytes": 0, "body": "", "error": null}
{"host": "https://activity2.yalla.live", "activityId": "20240601", "auth": "legacy", "method": "init", "status": 204, "bytes": 0, "body": "", "error": null}
{"host": "https://activity2.yalla.live", "activityId": "20240601", "auth": "legacy", "method": "activity-info", "status": 204, "bytes": 0, "body": "", "error": null}
{"host": "https://activity2.yalla.live", "activityId": "20240815", "auth": "blank", "method": "init", "status": 400, "bytes": 163, "body": "{\"type\":\"https://tools.ietf.org/html/rfc7231#section-6.5.1\",\"title\":\"Bad Request\",\"status\":400,\"traceId\":\"00-3f394ed41d5d349f4d24ca6a83842830-6f6d0073d8e05435-00\"}", "error": null}
{"host": "https://activity2.yalla.live", "activityId": "20240815", "auth": "blank", "method": "activity-info", "status": 400, "bytes": 163, "body": "{\"type\":\"https://tools.ietf.org/html/rfc7231#section-6.5.1\",\"title\":\"Bad Request\",\"status\":400,\"traceId\":\"00-b37a5b88fe89af7adde9b3da200a058f-e17c302e98471466-00\"}", "error": null}
{"host": "https://activity2.yalla.live", "activityId": "20240815", "auth": "zero", "method": "init", "status": 400, "bytes": 163, "body": "{\"type\":\"https://tools.ietf.org/html/rfc7231#section-6.5.1\",\"title\":\"Bad Request\",\"status\":400,\"traceId\":\"00-a64a04e1402e6e7ae237fdb3f0967ec0-9e3587f25d7cd12d-00\"}", "error": null}
{"host": "https://activity2.yalla.live", "activityId": "20240815", "auth": "zero", "method": "activity-info", "status": 400, "bytes": 163, "body": "{\"type\":\"https://tools.ietf.org/html/rfc7231#section-6.5.1\",\"title\":\"Bad Request\",\"status\":400,\"traceId\":\"00-6192b96a2a0dc8525b08a0ff8c2f19e7-f9e17961db7084c1-00\"}", "error": null}
{"host": "https://activity2.yalla.live", "activityId": "20240815", "auth": "archive", "method": "init", "status": 204, "bytes": 0, "body": "", "error": null}
{"host": "https://activity2.yalla.live", "activityId": "20240815", "auth": "archive", "method": "activity-info", "status": 204, "bytes": 0, "body": "", "error": null}
{"host": "https://activity2.yalla.live", "activityId": "20240815", "auth": "legacy", "method": "init", "status": 204, "bytes": 0, "body": "", "error": null}
{"host": "https://activity2.yalla.live", "activityId": "20240815", "auth": "legacy", "method": "activity-info", "status": 204, "bytes": 0, "body": "", "error": null}
{"host": "https://activity2.yalla.live", "activityId": "20241022", "auth": "blank", "method": "init", "status": 400, "bytes": 163, "body": "{\"type\":\"https://tools.ietf.org/html/rfc7231#section-6.5.1\",\"title\":\"Bad Request\",\"status\":400,\"traceId\":\"00-a110e169435a82fca9c9842ae622d51e-73b11cc5c91af0c1-00\"}", "error": null}
{"host": "https://activity2.yalla.live", "activityId": "20241022", "auth": "blank", "method": "activity-info", "status": 400, "bytes": 163, "body": "{\"type\":\"https://tools.ietf.org/html/rfc7231#section-6.5.1\",\"title\":\"Bad Request\",\"status\":400,\"traceId\":\"00-3463158ce9f8fe352c7a98985b9bb1eb-0bb99966c8cb2468-00\"}", "error": null}
{"host": "https://activity2.yalla.live", "activityId": "20241022", "auth": "zero", "method": "init", "status": 400, "bytes": 163, "body": "{\"type\":\"https://tools.ietf.org/html/rfc7231#section-6.5.1\",\"title\":\"Bad Request\",\"status\":400,\"traceId\":\"00-46df5fad85561e66552f385ff8edefef-16707763b5adcadf-00\"}", "error": null}
{"host": "https://activity2.yalla.live", "activityId": "20241022", "auth": "zero", "method": "activity-info", "status": 400, "bytes": 163, "body": "{\"type\":\"https://tools.ietf.org/html/rfc7231#section-6.5.1\",\"title\":\"Bad Request\",\"status\":400,\"traceId\":\"00-59cb1b6bb8466a412ca9052a3955a60c-816d6744a3cefc93-00\"}", "error": null}
{"host": "https://activity2.yalla.live", "activityId": "20241022", "auth": "archive", "method": "init", "status": 204, "bytes": 0, "body": "", "error": null}
{"host": "https://activity2.yalla.live", "activityId": "20241022", "auth": "archive", "method": "activity-info", "status": 204, "bytes": 0, "body": "", "error": null}
{"host": "https://activity2.yalla.live", "activityId": "20241022", "auth": "legacy", "method": "init", "status": 204, "bytes": 0, "body": "", "error": null}
{"host": "https://activity2.yalla.live", "activityId": "20241022", "auth": "legacy", "method": "activity-info", "status": 204, "bytes": 0, "body": "", "error": null}
{"host": "https://activity2.yalla.live", "activityId": "20250426", "auth": "blank", "method": "init", "status": 400, "bytes": 163, "body": "{\"type\":\"https://tools.ietf.org/html/rfc7231#section-6.5.1\",\"title\":\"Bad Request\",\"status\":400,\"traceId\":\"00-58d2f3ae060917804433d32a61d73ae0-09fb08799c3337ee-00\"}", "error": null}
{"host": "https://activity2.yalla.live", "activityId": "20250426", "auth": "blank", "method": "activity-info", "status": 400, "bytes": 163, "body": "{\"type\":\"https://tools.ietf.org/html/rfc7231#section-6.5.1\",\"title\":\"Bad Request\",\"status\":400,\"traceId\":\"00-8a713db0169343665e055f48d86106ea-f7e2d05fe0f3f2c8-00\"}", "error": null}
{"host": "https://activity2.yalla.live", "activityId": "20250426", "auth": "zero", "method": "init", "status": 400, "bytes": 163, "body": "{\"type\":\"https://tools.ietf.org/html/rfc7231#section-6.5.1\",\"title\":\"Bad Request\",\"status\":400,\"traceId\":\"00-9c4adc795a70a1a2471167b1cc2dfa48-b028760499bef587-00\"}", "error": null}
{"host": "https://activity2.yalla.live", "activityId": "20250426", "auth": "zero", "method": "activity-info", "status": 400, "bytes": 163, "body": "{\"type\":\"https://tools.ietf.org/html/rfc7231#section-6.5.1\",\"title\":\"Bad Request\",\"status\":400,\"traceId\":\"00-38d48a8001ebefb77900f0e24791959a-6628ada4ef902013-00\"}", "error": null}
{"host": "https://activity2.yalla.live", "activityId": "20250426", "auth": "archive", "method": "init", "status": 204, "bytes": 0, "body": "", "error": null}
{"host": "https://activity2.yalla.live", "activityId": "20250426", "auth": "archive", "method": "activity-info", "status": 204, "bytes": 0, "body": "", "error": null}
{"host": "https://activity2.yalla.live", "activityId": "20250426", "auth": "legacy", "method": "init", "status": 204, "bytes": 0, "body": "", "error": null}
{"host": "https://activity2.yalla.live", "activityId": "20250426", "auth": "legacy", "method": "activity-info", "status": 204, "bytes": 0, "body": "", "error": null}
{"host": "https://activity2.windgh.com", "activityId": "240207", "auth": "blank", "method": "init", "status": 400, "bytes": 163, "body": "{\"type\":\"https://tools.ietf.org/html/rfc7231#section-6.5.1\",\"title\":\"Bad Request\",\"status\":400,\"traceId\":\"00-921047289061ccb175115f0b999b33b7-796b3d790957d4c2-00\"}", "error": null}
{"host": "https://activity2.windgh.com", "activityId": "240207", "auth": "blank", "method": "activity-info", "status": 400, "bytes": 163, "body": "{\"type\":\"https://tools.ietf.org/html/rfc7231#section-6.5.1\",\"title\":\"Bad Request\",\"status\":400,\"traceId\":\"00-4b06b60698a051bff7d788ccfe05c522-e84a4d42547b9fb8-00\"}", "error": null}
{"host": "https://activity2.windgh.com", "activityId": "240207", "auth": "zero", "method": "init", "status": 400, "bytes": 163, "body": "{\"type\":\"https://tools.ietf.org/html/rfc7231#section-6.5.1\",\"title\":\"Bad Request\",\"status\":400,\"traceId\":\"00-9c36eb32d700e1efc03f232cbe0eb547-e8364d1687f4e165-00\"}", "error": null}
{"host": "https://activity2.windgh.com", "activityId": "240207", "auth": "zero", "method": "activity-info", "status": 400, "bytes": 163, "body": "{\"type\":\"https://tools.ietf.org/html/rfc7231#section-6.5.1\",\"title\":\"Bad Request\",\"status\":400,\"traceId\":\"00-b4fcc075a7fc273f634fca19d564062d-d7b8c71dd22b0e0f-00\"}", "error": null}
{"host": "https://activity2.windgh.com", "activityId": "240207", "auth": "archive", "method": "init", "status": 204, "bytes": 0, "body": "", "error": null}
{"host": "https://activity2.windgh.com", "activityId": "240207", "auth": "archive", "method": "activity-info", "status": 204, "bytes": 0, "body": "", "error": null}
{"host": "https://activity2.windgh.com", "activityId": "240207", "auth": "legacy", "method": "init", "status": 204, "bytes": 0, "body": "", "error": null}
{"host": "https://activity2.windgh.com", "activityId": "240207", "auth": "legacy", "method": "activity-info", "status": 204, "bytes": 0, "body": "", "error": null}
{"host": "https://activity2.windgh.com", "activityId": "240221", "auth": "blank", "method": "init", "status": 400, "bytes": 163, "body": "{\"type\":\"https://tools.ietf.org/html/rfc7231#section-6.5.1\",\"title\":\"Bad Request\",\"status\":400,\"traceId\":\"00-396e09ba2dceeafa53337a5a0aa80fe6-2dabc28035631459-00\"}", "error": null}
{"host": "https://activity2.windgh.com", "activityId": "240221", "auth": "blank", "method": "activity-info", "status": 400, "bytes": 163, "body": "{\"type\":\"https://tools.ietf.org/html/rfc7231#section-6.5.1\",\"title\":\"Bad Request\",\"status\":400,\"traceId\":\"00-f06e6ba0f60251dcb361174b8f67b4cf-1e22c8cc742cfc47-00\"}", "error": null}
{"host": "https://activity2.windgh.com", "activityId": "240221", "auth": "zero", "method": "init", "status": 400, "bytes": 163, "body": "{\"type\":\"https://tools.ietf.org/html/rfc7231#section-6.5.1\",\"title\":\"Bad Request\",\"status\":400,\"traceId\":\"00-d00415d2810a5977347a80489adfd86a-27acb42197e7f33e-00\"}", "error": null}
{"host": "https://activity2.windgh.com", "activityId": "240221", "auth": "zero", "method": "activity-info", "status": 400, "bytes": 163, "body": "{\"type\":\"https://tools.ietf.org/html/rfc7231#section-6.5.1\",\"title\":\"Bad Request\",\"status\":400,\"traceId\":\"00-aaee21c7b579dcdce997966c7fdefbcf-b9c54b87e48481ba-00\"}", "error": null}
{"host": "https://activity2.windgh.com", "activityId": "240221", "auth": "archive", "method": "init", "status": 401, "bytes": 162, "body": "{\"type\":\"https://tools.ietf.org/html/rfc7235#section-3.1\",\"title\":\"Unauthorized\",\"status\":401,\"traceId\":\"00-27692684ec98c95de2ee757fde7e3616-a2166b1e0802d95b-00\"}", "error": null}
{"host": "https://activity2.windgh.com", "activityId": "240221", "auth": "archive", "method": "activity-info", "status": 401, "bytes": 162, "body": "{\"type\":\"https://tools.ietf.org/html/rfc7235#section-3.1\",\"title\":\"Unauthorized\",\"status\":401,\"traceId\":\"00-9a74e057e36ab7112af9d834a1b31977-f43416b549349bc0-00\"}", "error": null}
{"host": "https://activity2.windgh.com", "activityId": "240221", "auth": "legacy", "method": "init", "status": 401, "bytes": 162, "body": "{\"type\":\"https://tools.ietf.org/html/rfc7235#section-3.1\",\"title\":\"Unauthorized\",\"status\":401,\"traceId\":\"00-fb7539a90c4a97c49556236c990c164d-7468c1d6cedc9c45-00\"}", "error": null}
{"host": "https://activity2.windgh.com", "activityId": "240221", "auth": "legacy", "method": "activity-info", "status": 401, "bytes": 162, "body": "{\"type\":\"https://tools.ietf.org/html/rfc7235#section-3.1\",\"title\":\"Unauthorized\",\"status\":401,\"traceId\":\"00-5a9ca2ae5c7608b690d4d40815376703-2ce8c3240658aff3-00\"}", "error": null}
{"host": "https://activity2.windgh.com", "activityId": "240409", "auth": "blank", "method": "init", "status": 400, "bytes": 163, "body": "{\"type\":\"https://tools.ietf.org/html/rfc7231#section-6.5.1\",\"title\":\"Bad Request\",\"status\":400,\"traceId\":\"00-f78230eacc7fe9610c57b4d9272c65c9-cb4d05b097e4d4ff-00\"}", "error": null}
{"host": "https://activity2.windgh.com", "activityId": "240409", "auth": "blank", "method": "activity-info", "status": 400, "bytes": 163, "body": "{\"type\":\"https://tools.ietf.org/html/rfc7231#section-6.5.1\",\"title\":\"Bad Request\",\"status\":400,\"traceId\":\"00-b175d5dd459e9a8831fdf46f59fa391a-1a1578f04c94ecb3-00\"}", "error": null}
{"host": "https://activity2.windgh.com", "activityId": "240409", "auth": "zero", "method": "init", "status": 400, "bytes": 163, "body": "{\"type\":\"https://tools.ietf.org/html/rfc7231#section-6.5.1\",\"title\":\"Bad Request\",\"status\":400,\"traceId\":\"00-d2d043553d3e3e48b9aee462ef934efb-ac36931719382f9d-00\"}", "error": null}
{"host": "https://activity2.windgh.com", "activityId": "240409", "auth": "zero", "method": "activity-info", "status": 400, "bytes": 163, "body": "{\"type\":\"https://tools.ietf.org/html/rfc7231#section-6.5.1\",\"title\":\"Bad Request\",\"status\":400,\"traceId\":\"00-31fd21b8ab1b985271edf8b1b85e4921-0f3a51110b18f4e8-00\"}", "error": null}
{"host": "https://activity2.windgh.com", "activityId": "240409", "auth": "archive", "method": "init", "status": 401, "bytes": 162, "body": "{\"type\":\"https://tools.ietf.org/html/rfc7235#section-3.1\",\"title\":\"Unauthorized\",\"status\":401,\"traceId\":\"00-baf6d18ba6979edcea55d552c85f5d51-8ffe77614096c46a-00\"}", "error": null}
{"host": "https://activity2.windgh.com", "activityId": "240409", "auth": "archive", "method": "activity-info", "status": 401, "bytes": 162, "body": "{\"type\":\"https://tools.ietf.org/html/rfc7235#section-3.1\",\"title\":\"Unauthorized\",\"status\":401,\"traceId\":\"00-0b7bf3aaf98934852c291f00ff1a608e-28a3f250b7515424-00\"}", "error": null}
{"host": "https://activity2.windgh.com", "activityId": "240409", "auth": "legacy", "method": "init", "status": 401, "bytes": 162, "body": "{\"type\":\"https://tools.ietf.org/html/rfc7235#section-3.1\",\"title\":\"Unauthorized\",\"status\":401,\"traceId\":\"00-67987caa64a1643617d349652bbbe996-da2ab845912f997a-00\"}", "error": null}
{"host": "https://activity2.windgh.com", "activityId": "240409", "auth": "legacy", "method": "activity-info", "status": 401, "bytes": 162, "body": "{\"type\":\"https://tools.ietf.org/html/rfc7235#section-3.1\",\"title\":\"Unauthorized\",\"status\":401,\"traceId\":\"00-96dcf1facb13a43ffae86f3163bbb344-13da91be2ffacb8b-00\"}", "error": null}
{"host": "https://activity2.windgh.com", "activityId": "240530", "auth": "blank", "method": "init", "status": 400, "bytes": 163, "body": "{\"type\":\"https://tools.ietf.org/html/rfc7231#section-6.5.1\",\"title\":\"Bad Request\",\"status\":400,\"traceId\":\"00-918f8a1e0d56b4a3c5b455bcf5129e60-63ad8599d881755d-00\"}", "error": null}
{"host": "https://activity2.windgh.com", "activityId": "240530", "auth": "blank", "method": "activity-info", "status": 400, "bytes": 163, "body": "{\"type\":\"https://tools.ietf.org/html/rfc7231#section-6.5.1\",\"title\":\"Bad Request\",\"status\":400,\"traceId\":\"00-0bb233f2d2593b2ef77474b70a0df7cf-93863950ba58b82d-00\"}", "error": null}
{"host": "https://activity2.windgh.com", "activityId": "240530", "auth": "zero", "method": "init", "status": 400, "bytes": 163, "body": "{\"type\":\"https://tools.ietf.org/html/rfc7231#section-6.5.1\",\"title\":\"Bad Request\",\"status\":400,\"traceId\":\"00-74eff7b87f3e180ac8f2c40f73c55767-a957e07677dbd56d-00\"}", "error": null}
{"host": "https://activity2.windgh.com", "activityId": "240530", "auth": "zero", "method": "activity-info", "status": 400, "bytes": 163, "body": "{\"type\":\"https://tools.ietf.org/html/rfc7231#section-6.5.1\",\"title\":\"Bad Request\",\"status\":400,\"traceId\":\"00-6bafb5f1ddab79c74e219a3e8e832d95-b6477a167b2a6427-00\"}", "error": null}
{"host": "https://activity2.windgh.com", "activityId": "240530", "auth": "archive", "method": "init", "status": 204, "bytes": 0, "body": "", "error": null}
{"host": "https://activity2.windgh.com", "activityId": "240530", "auth": "archive", "method": "activity-info", "status": 204, "bytes": 0, "body": "", "error": null}
{"host": "https://activity2.windgh.com", "activityId": "240530", "auth": "legacy", "method": "init", "status": 204, "bytes": 0, "body": "", "error": null}
{"host": "https://activity2.windgh.com", "activityId": "240530", "auth": "legacy", "method": "activity-info", "status": 204, "bytes": 0, "body": "", "error": null}
{"host": "https://activity2.windgh.com", "activityId": "240531", "auth": "blank", "method": "init", "status": 400, "bytes": 163, "body": "{\"type\":\"https://tools.ietf.org/html/rfc7231#section-6.5.1\",\"title\":\"Bad Request\",\"status\":400,\"traceId\":\"00-5bc105a1a186b000878b578e49880fdd-bdaa0112f9793d97-00\"}", "error": null}
{"host": "https://activity2.windgh.com", "activityId": "240531", "auth": "blank", "method": "activity-info", "status": 400, "bytes": 163, "body": "{\"type\":\"https://tools.ietf.org/html/rfc7231#section-6.5.1\",\"title\":\"Bad Request\",\"status\":400,\"traceId\":\"00-96c3525b1b4c571359da00773fa391a8-91fabbf9b6c958eb-00\"}", "error": null}
{"host": "https://activity2.windgh.com", "activityId": "240531", "auth": "zero", "method": "init", "status": 400, "bytes": 163, "body": "{\"type\":\"https://tools.ietf.org/html/rfc7231#section-6.5.1\",\"title\":\"Bad Request\",\"status\":400,\"traceId\":\"00-f9779770eff87b954878c35777e582c2-ecbc8e7f23b1c060-00\"}", "error": null}
{"host": "https://activity2.windgh.com", "activityId": "240531", "auth": "zero", "method": "activity-info", "status": 400, "bytes": 163, "body": "{\"type\":\"https://tools.ietf.org/html/rfc7231#section-6.5.1\",\"title\":\"Bad Request\",\"status\":400,\"traceId\":\"00-fb5cc8a14c81cb719ec448be731e241b-4442050314dbdf97-00\"}", "error": null}
{"host": "https://activity2.windgh.com", "activityId": "240531", "auth": "archive", "method": "init", "status": 204, "bytes": 0, "body": "", "error": null}
{"host": "https://activity2.windgh.com", "activityId": "240531", "auth": "archive", "method": "activity-info", "status": 204, "bytes": 0, "body": "", "error": null}
{"host": "https://activity2.windgh.com", "activityId": "240531", "auth": "legacy", "method": "init", "status": 204, "bytes": 0, "body": "", "error": null}
{"host": "https://activity2.windgh.com", "activityId": "240531", "auth": "legacy", "method": "activity-info", "status": 204, "bytes": 0, "body": "", "error": null}
{"host": "https://activity2.windgh.com", "activityId": "240601", "auth": "blank", "method": "init", "status": 400, "bytes": 163, "body": "{\"type\":\"https://tools.ietf.org/html/rfc7231#section-6.5.1\",\"title\":\"Bad Request\",\"status\":400,\"traceId\":\"00-0ed7331fbcb86428e638f32ac1730fa5-8c5599f3648a5a19-00\"}", "error": null}
{"host": "https://activity2.windgh.com", "activityId": "240601", "auth": "blank", "method": "activity-info", "status": 400, "bytes": 163, "body": "{\"type\":\"https://tools.ietf.org/html/rfc7231#section-6.5.1\",\"title\":\"Bad Request\",\"status\":400,\"traceId\":\"00-05ce3ca0492e29617f058e8afa820a84-b850c59bec719e35-00\"}", "error": null}
{"host": "https://activity2.windgh.com", "activityId": "240601", "auth": "zero", "method": "init", "status": 400, "bytes": 163, "body": "{\"type\":\"https://tools.ietf.org/html/rfc7231#section-6.5.1\",\"title\":\"Bad Request\",\"status\":400,\"traceId\":\"00-841e53cc99583be290130cec43c41b0d-010ff480a2309ff0-00\"}", "error": null}
{"host": "https://activity2.windgh.com", "activityId": "240601", "auth": "zero", "method": "activity-info", "status": 400, "bytes": 163, "body": "{\"type\":\"https://tools.ietf.org/html/rfc7231#section-6.5.1\",\"title\":\"Bad Request\",\"status\":400,\"traceId\":\"00-d3458d3fdf333be18e7b34cc8358c4bd-2750dde8afa92bb1-00\"}", "error": null}
{"host": "https://activity2.windgh.com", "activityId": "240601", "auth": "archive", "method": "init", "status": 204, "bytes": 0, "body": "", "error": null}
{"host": "https://activity2.windgh.com", "activityId": "240601", "auth": "archive", "method": "activity-info", "status": 204, "bytes": 0, "body": "", "error": null}
{"host": "https://activity2.windgh.com", "activityId": "240601", "auth": "legacy", "method": "init", "status": 204, "bytes": 0, "body": "", "error": null}
{"host": "https://activity2.windgh.com", "activityId": "240601", "auth": "legacy", "method": "activity-info", "status": 204, "bytes": 0, "body": "", "error": null}
{"host": "https://activity2.windgh.com", "activityId": "240815", "auth": "blank", "method": "init", "status": 400, "bytes": 163, "body": "{\"type\":\"https://tools.ietf.org/html/rfc7231#section-6.5.1\",\"title\":\"Bad Request\",\"status\":400,\"traceId\":\"00-493eafb62f66d804855c1761f6966d85-2719361598c0f0ab-00\"}", "error": null}
{"host": "https://activity2.windgh.com", "activityId": "240815", "auth": "blank", "method": "activity-info", "status": 400, "bytes": 163, "body": "{\"type\":\"https://tools.ietf.org/html/rfc7231#section-6.5.1\",\"title\":\"Bad Request\",\"status\":400,\"traceId\":\"00-c9276bcc9c4f2bb447816d019c333765-f2c7b8f60f49898f-00\"}", "error": null}
{"host": "https://activity2.windgh.com", "activityId": "240815", "auth": "zero", "method": "init", "status": 400, "bytes": 163, "body": "{\"type\":\"https://tools.ietf.org/html/rfc7231#section-6.5.1\",\"title\":\"Bad Request\",\"status\":400,\"traceId\":\"00-812a81905fb789a8520fa6a5faa0afc4-ee267a9902770ae8-00\"}", "error": null}
{"host": "https://activity2.windgh.com", "activityId": "240815", "auth": "zero", "method": "activity-info", "status": 400, "bytes": 163, "body": "{\"type\":\"https://tools.ietf.org/html/rfc7231#section-6.5.1\",\"title\":\"Bad Request\",\"status\":400,\"traceId\":\"00-785b10261ceb975bff628636d8713e72-ff8ed6431ab3774d-00\"}", "error": null}
{"host": "https://activity2.windgh.com", "activityId": "240815", "auth": "archive", "method": "init", "status": 204, "bytes": 0, "body": "", "error": null}
{"host": "https://activity2.windgh.com", "activityId": "240815", "auth": "archive", "method": "activity-info", "status": 204, "bytes": 0, "body": "", "error": null}
{"host": "https://activity2.windgh.com", "activityId": "240815", "auth": "legacy", "method": "init", "status": 204, "bytes": 0, "body": "", "error": null}
{"host": "https://activity2.windgh.com", "activityId": "240815", "auth": "legacy", "method": "activity-info", "status": 204, "bytes": 0, "body": "", "error": null}
{"host": "https://activity2.windgh.com", "activityId": "241022", "auth": "blank", "method": "init", "status": 400, "bytes": 163, "body": "{\"type\":\"https://tools.ietf.org/html/rfc7231#section-6.5.1\",\"title\":\"Bad Request\",\"status\":400,\"traceId\":\"00-c81bed1bdb3edf0f20105bf1659bae35-0465eda2f2559cec-00\"}", "error": null}
{"host": "https://activity2.windgh.com", "activityId": "241022", "auth": "blank", "method": "activity-info", "status": 400, "bytes": 163, "body": "{\"type\":\"https://tools.ietf.org/html/rfc7231#section-6.5.1\",\"title\":\"Bad Request\",\"status\":400,\"traceId\":\"00-c71747a31f4c7db5435faec0ee6012c4-6feb1feb125cbf4c-00\"}", "error": null}
{"host": "https://activity2.windgh.com", "activityId": "241022", "auth": "zero", "method": "init", "status": 400, "bytes": 163, "body": "{\"type\":\"https://tools.ietf.org/html/rfc7231#section-6.5.1\",\"title\":\"Bad Request\",\"status\":400,\"traceId\":\"00-381009e4f3bb3bcc020128efc22f6cc7-3c34ff712a9e7547-00\"}", "error": null}
{"host": "https://activity2.windgh.com", "activityId": "241022", "auth": "zero", "method": "activity-info", "status": 400, "bytes": 163, "body": "{\"type\":\"https://tools.ietf.org/html/rfc7231#section-6.5.1\",\"title\":\"Bad Request\",\"status\":400,\"traceId\":\"00-f94cfcbdafedd4ffbd835d04c40f4b7d-f0f60f4fd501d4ac-00\"}", "error": null}
{"host": "https://activity2.windgh.com", "activityId": "241022", "auth": "archive", "method": "init", "status": 204, "bytes": 0, "body": "", "error": null}
{"host": "https://activity2.windgh.com", "activityId": "241022", "auth": "archive", "method": "activity-info", "status": 204, "bytes": 0, "body": "", "error": null}
{"host": "https://activity2.windgh.com", "activityId": "241022", "auth": "legacy", "method": "init", "status": 204, "bytes": 0, "body": "", "error": null}
{"host": "https://activity2.windgh.com", "activityId": "241022", "auth": "legacy", "method": "activity-info", "status": 204, "bytes": 0, "body": "", "error": null}
{"host": "https://activity2.windgh.com", "activityId": "250426", "auth": "blank", "method": "init", "status": 400, "bytes": 163, "body": "{\"type\":\"https://tools.ietf.org/html/rfc7231#section-6.5.1\",\"title\":\"Bad Request\",\"status\":400,\"traceId\":\"00-db8e5c5983dfc6304bb129722d335c6b-eb3e42603d676d17-00\"}", "error": null}
{"host": "https://activity2.windgh.com", "activityId": "250426", "auth": "blank", "method": "activity-info", "status": 400, "bytes": 163, "body": "{\"type\":\"https://tools.ietf.org/html/rfc7231#section-6.5.1\",\"title\":\"Bad Request\",\"status\":400,\"traceId\":\"00-605e7a5b657953880097e43f8582a06d-901a657faef9febe-00\"}", "error": null}
{"host": "https://activity2.windgh.com", "activityId": "250426", "auth": "zero", "method": "init", "status": 400, "bytes": 163, "body": "{\"type\":\"https://tools.ietf.org/html/rfc7231#section-6.5.1\",\"title\":\"Bad Request\",\"status\":400,\"traceId\":\"00-45339a9941e690dce70f33076559e72c-f9ee158f2daf5c9f-00\"}", "error": null}
{"host": "https://activity2.windgh.com", "activityId": "250426", "auth": "zero", "method": "activity-info", "status": 400, "bytes": 163, "body": "{\"type\":\"https://tools.ietf.org/html/rfc7231#section-6.5.1\",\"title\":\"Bad Request\",\"status\":400,\"traceId\":\"00-7c712bb838803a45c4de4a8017dd33b7-177c11b12a27550f-00\"}", "error": null}
{"host": "https://activity2.windgh.com", "activityId": "250426", "auth": "archive", "method": "init", "status": 401, "bytes": 162, "body": "{\"type\":\"https://tools.ietf.org/html/rfc7235#section-3.1\",\"title\":\"Unauthorized\",\"status\":401,\"traceId\":\"00-649efa8f420aec6abcd94757e0eaa41f-4b8ab3c2c9cab90f-00\"}", "error": null}
{"host": "https://activity2.windgh.com", "activityId": "250426", "auth": "archive", "method": "activity-info", "status": 401, "bytes": 162, "body": "{\"type\":\"https://tools.ietf.org/html/rfc7235#section-3.1\",\"title\":\"Unauthorized\",\"status\":401,\"traceId\":\"00-967c2826c16bd2e8b1e0fe865b1b632c-f82d38da4aac54dd-00\"}", "error": null}
{"host": "https://activity2.windgh.com", "activityId": "250426", "auth": "legacy", "method": "init", "status": 401, "bytes": 162, "body": "{\"type\":\"https://tools.ietf.org/html/rfc7235#section-3.1\",\"title\":\"Unauthorized\",\"status\":401,\"traceId\":\"00-20e93028abc0d987ea592dfd8ff439b9-eb2a04849bd20cee-00\"}", "error": null}
{"host": "https://activity2.windgh.com", "activityId": "250426", "auth": "legacy", "method": "activity-info", "status": 401, "bytes": 162, "body": "{\"type\":\"https://tools.ietf.org/html/rfc7235#section-3.1\",\"title\":\"Unauthorized\",\"status\":401,\"traceId\":\"00-e75220ca9e1b5ba8db47b158f9641d86-00854d641835d430-00\"}", "error": null}
{"host": "https://activity2.windgh.com", "activityId": "260212", "auth": "blank", "method": "init", "status": 400, "bytes": 163, "body": "{\"type\":\"https://tools.ietf.org/html/rfc7231#section-6.5.1\",\"title\":\"Bad Request\",\"status\":400,\"traceId\":\"00-1f513e1470f356b4b2f571ea6bc0a034-b5baaba76f45de9a-00\"}", "error": null}
{"host": "https://activity2.windgh.com", "activityId": "260212", "auth": "blank", "method": "activity-info", "status": 400, "bytes": 163, "body": "{\"type\":\"https://tools.ietf.org/html/rfc7231#section-6.5.1\",\"title\":\"Bad Request\",\"status\":400,\"traceId\":\"00-e0eb0f98f1861baa49fca6fe0d7be948-73ec7f0d667c5571-00\"}", "error": null}
{"host": "https://activity2.windgh.com", "activityId": "260212", "auth": "zero", "method": "init", "status": 400, "bytes": 163, "body": "{\"type\":\"https://tools.ietf.org/html/rfc7231#section-6.5.1\",\"title\":\"Bad Request\",\"status\":400,\"traceId\":\"00-8dda7dd7e78acdd7595cd03c5fbd86be-7133067ecbe09872-00\"}", "error": null}
{"host": "https://activity2.windgh.com", "activityId": "260212", "auth": "zero", "method": "activity-info", "status": 400, "bytes": 163, "body": "{\"type\":\"https://tools.ietf.org/html/rfc7231#section-6.5.1\",\"title\":\"Bad Request\",\"status\":400,\"traceId\":\"00-ecb64ba9526780172298f5dbe0386891-af5105731f820af8-00\"}", "error": null}
{"host": "https://activity2.windgh.com", "activityId": "260212", "auth": "archive", "method": "init", "status": 204, "bytes": 0, "body": "", "error": null}
{"host": "https://activity2.windgh.com", "activityId": "260212", "auth": "archive", "method": "activity-info", "status": 204, "bytes": 0, "body": "", "error": null}
{"host": "https://activity2.windgh.com", "activityId": "260212", "auth": "legacy", "method": "init", "status": 204, "bytes": 0, "body": "", "error": null}
{"host": "https://activity2.windgh.com", "activityId": "260212", "auth": "legacy", "method": "activity-info", "status": 204, "bytes": 0, "body": "", "error": null}
{"host": "https://activity2.windgh.com", "activityId": "20240207", "auth": "blank", "method": "init", "status": 400, "bytes": 163, "body": "{\"type\":\"https://tools.ietf.org/html/rfc7231#section-6.5.1\",\"title\":\"Bad Request\",\"status\":400,\"traceId\":\"00-2da3a9af7530cc98aea80f968a70b943-77101062382d7e0a-00\"}", "error": null}
{"host": "https://activity2.windgh.com", "activityId": "20240207", "auth": "blank", "method": "activity-info", "status": 400, "bytes": 163, "body": "{\"type\":\"https://tools.ietf.org/html/rfc7231#section-6.5.1\",\"title\":\"Bad Request\",\"status\":400,\"traceId\":\"00-1c194fbfb9f0e56699586aed2e057725-7f857c74e2638c88-00\"}", "error": null}
{"host": "https://activity2.windgh.com", "activityId": "20240207", "auth": "zero", "method": "init", "status": 400, "bytes": 163, "body": "{\"type\":\"https://tools.ietf.org/html/rfc7231#section-6.5.1\",\"title\":\"Bad Request\",\"status\":400,\"traceId\":\"00-86dab2ced96577d9a000bd90848be4b7-3531a1cfbd286d0e-00\"}", "error": null}
{"host": "https://activity2.windgh.com", "activityId": "20240207", "auth": "zero", "method": "activity-info", "status": 400, "bytes": 163, "body": "{\"type\":\"https://tools.ietf.org/html/rfc7231#section-6.5.1\",\"title\":\"Bad Request\",\"status\":400,\"traceId\":\"00-bf3cbbb541fad39dd4ccc0bcfd5b2871-c3cbedfe179d4b8c-00\"}", "error": null}
{"host": "https://activity2.windgh.com", "activityId": "20240207", "auth": "archive", "method": "init", "status": 204, "bytes": 0, "body": "", "error": null}
{"host": "https://activity2.windgh.com", "activityId": "20240207", "auth": "archive", "method": "activity-info", "status": 204, "bytes": 0, "body": "", "error": null}
{"host": "https://activity2.windgh.com", "activityId": "20240207", "auth": "legacy", "method": "init", "status": 204, "bytes": 0, "body": "", "error": null}
{"host": "https://activity2.windgh.com", "activityId": "20240207", "auth": "legacy", "method": "activity-info", "status": 204, "bytes": 0, "body": "", "error": null}
{"host": "https://activity2.windgh.com", "activityId": "20240221", "auth": "blank", "method": "init", "status": 400, "bytes": 163, "body": "{\"type\":\"https://tools.ietf.org/html/rfc7231#section-6.5.1\",\"title\":\"Bad Request\",\"status\":400,\"traceId\":\"00-adbe989a62ea522f013ec0053b59c75f-0517c216fbb181f5-00\"}", "error": null}
{"host": "https://activity2.windgh.com", "activityId": "20240221", "auth": "blank", "method": "activity-info", "status": 400, "bytes": 163, "body": "{\"type\":\"https://tools.ietf.org/html/rfc7231#section-6.5.1\",\"title\":\"Bad Request\",\"status\":400,\"traceId\":\"00-680977f581cc511b9e3e79543d3fb571-745651f5b0577684-00\"}", "error": null}
{"host": "https://activity2.windgh.com", "activityId": "20240221", "auth": "zero", "method": "init", "status": 400, "bytes": 163, "body": "{\"type\":\"https://tools.ietf.org/html/rfc7231#section-6.5.1\",\"title\":\"Bad Request\",\"status\":400,\"traceId\":\"00-c207aa8e0edb2f4016055b4d0d5ad5f3-00d475ad5509fea2-00\"}", "error": null}
{"host": "https://activity2.windgh.com", "activityId": "20240221", "auth": "zero", "method": "activity-info", "status": 400, "bytes": 163, "body": "{\"type\":\"https://tools.ietf.org/html/rfc7231#section-6.5.1\",\"title\":\"Bad Request\",\"status\":400,\"traceId\":\"00-2c9e30a516931b363399f232ea086754-e0d2dea70937c80c-00\"}", "error": null}
{"host": "https://activity2.windgh.com", "activityId": "20240221", "auth": "archive", "method": "init", "status": 204, "bytes": 0, "body": "", "error": null}
{"host": "https://activity2.windgh.com", "activityId": "20240221", "auth": "archive", "method": "activity-info", "status": 204, "bytes": 0, "body": "", "error": null}
{"host": "https://activity2.windgh.com", "activityId": "20240221", "auth": "legacy", "method": "init", "status": 204, "bytes": 0, "body": "", "error": null}
{"host": "https://activity2.windgh.com", "activityId": "20240221", "auth": "legacy", "method": "activity-info", "status": 204, "bytes": 0, "body": "", "error": null}
{"host": "https://activity2.windgh.com", "activityId": "20240409", "auth": "blank", "method": "init", "status": 400, "bytes": 163, "body": "{\"type\":\"https://tools.ietf.org/html/rfc7231#section-6.5.1\",\"title\":\"Bad Request\",\"status\":400,\"traceId\":\"00-052483c3bd6c1bc5002e08d599e2240d-74d211dd5cc388e5-00\"}", "error": null}
{"host": "https://activity2.windgh.com", "activityId": "20240409", "auth": "blank", "method": "activity-info", "status": 400, "bytes": 163, "body": "{\"type\":\"https://tools.ietf.org/html/rfc7231#section-6.5.1\",\"title\":\"Bad Request\",\"status\":400,\"traceId\":\"00-e6103ae8166b973ac57c22e423d46f71-0b92851d289674fb-00\"}", "error": null}
{"host": "https://activity2.windgh.com", "activityId": "20240409", "auth": "zero", "method": "init", "status": 400, "bytes": 163, "body": "{\"type\":\"https://tools.ietf.org/html/rfc7231#section-6.5.1\",\"title\":\"Bad Request\",\"status\":400,\"traceId\":\"00-18b87381eb0137d664cf845b1b766a27-a4384fa09e82d6ee-00\"}", "error": null}
{"host": "https://activity2.windgh.com", "activityId": "20240409", "auth": "zero", "method": "activity-info", "status": 400, "bytes": 163, "body": "{\"type\":\"https://tools.ietf.org/html/rfc7231#section-6.5.1\",\"title\":\"Bad Request\",\"status\":400,\"traceId\":\"00-c171df8d1dd4967d1d78e1fca121612b-4c040709ef054dd2-00\"}", "error": null}
{"host": "https://activity2.windgh.com", "activityId": "20240409", "auth": "archive", "method": "init", "status": 204, "bytes": 0, "body": "", "error": null}
{"host": "https://activity2.windgh.com", "activityId": "20240409", "auth": "archive", "method": "activity-info", "status": 204, "bytes": 0, "body": "", "error": null}
{"host": "https://activity2.windgh.com", "activityId": "20240409", "auth": "legacy", "method": "init", "status": 204, "bytes": 0, "body": "", "error": null}
{"host": "https://activity2.windgh.com", "activityId": "20240409", "auth": "legacy", "method": "activity-info", "status": 204, "bytes": 0, "body": "", "error": null}
{"host": "https://activity2.windgh.com", "activityId": "20240530", "auth": "blank", "method": "init", "status": 400, "bytes": 163, "body": "{\"type\":\"https://tools.ietf.org/html/rfc7231#section-6.5.1\",\"title\":\"Bad Request\",\"status\":400,\"traceId\":\"00-ca5c026cc2b9cd21c535ff77187d883c-2f9eae8ad18f8bab-00\"}", "error": null}
{"host": "https://activity2.windgh.com", "activityId": "20240530", "auth": "blank", "method": "activity-info", "status": 400, "bytes": 163, "body": "{\"type\":\"https://tools.ietf.org/html/rfc7231#section-6.5.1\",\"title\":\"Bad Request\",\"status\":400,\"traceId\":\"00-0d993f893ab3c805b831fce1f1e89ece-26fd684daed39d1c-00\"}", "error": null}
{"host": "https://activity2.windgh.com", "activityId": "20240530", "auth": "zero", "method": "init", "status": 400, "bytes": 163, "body": "{\"type\":\"https://tools.ietf.org/html/rfc7231#section-6.5.1\",\"title\":\"Bad Request\",\"status\":400,\"traceId\":\"00-1a5d5d4d698aebbf5ca6c5a6f9c57ff1-e3e74186c8479400-00\"}", "error": null}
{"host": "https://activity2.windgh.com", "activityId": "20240530", "auth": "zero", "method": "activity-info", "status": 400, "bytes": 163, "body": "{\"type\":\"https://tools.ietf.org/html/rfc7231#section-6.5.1\",\"title\":\"Bad Request\",\"status\":400,\"traceId\":\"00-89f1fe276c4ae5bc8354254a18b8b904-7298d36a4de9b18a-00\"}", "error": null}
{"host": "https://activity2.windgh.com", "activityId": "20240530", "auth": "archive", "method": "init", "status": 204, "bytes": 0, "body": "", "error": null}
{"host": "https://activity2.windgh.com", "activityId": "20240530", "auth": "archive", "method": "activity-info", "status": 204, "bytes": 0, "body": "", "error": null}
{"host": "https://activity2.windgh.com", "activityId": "20240530", "auth": "legacy", "method": "init", "status": 204, "bytes": 0, "body": "", "error": null}
{"host": "https://activity2.windgh.com", "activityId": "20240530", "auth": "legacy", "method": "activity-info", "status": 204, "bytes": 0, "body": "", "error": null}
{"host": "https://activity2.windgh.com", "activityId": "20240531", "auth": "blank", "method": "init", "status": 400, "bytes": 163, "body": "{\"type\":\"https://tools.ietf.org/html/rfc7231#section-6.5.1\",\"title\":\"Bad Request\",\"status\":400,\"traceId\":\"00-c2317e364c98afdbf5f26bfe4f023638-76c21535e7180efc-00\"}", "error": null}
{"host": "https://activity2.windgh.com", "activityId": "20240531", "auth": "blank", "method": "activity-info", "status": 400, "bytes": 163, "body": "{\"type\":\"https://tools.ietf.org/html/rfc7231#section-6.5.1\",\"title\":\"Bad Request\",\"status\":400,\"traceId\":\"00-d114689e28c60a1ec2b3228ac76f53d4-12659bd68004ad70-00\"}", "error": null}
{"host": "https://activity2.windgh.com", "activityId": "20240531", "auth": "zero", "method": "init", "status": 400, "bytes": 163, "body": "{\"type\":\"https://tools.ietf.org/html/rfc7231#section-6.5.1\",\"title\":\"Bad Request\",\"status\":400,\"traceId\":\"00-41d50874953d13db8fc52e7c8ef74828-a0dcc25f5d2b7b82-00\"}", "error": null}
{"host": "https://activity2.windgh.com", "activityId": "20240531", "auth": "zero", "method": "activity-info", "status": 400, "bytes": 163, "body": "{\"type\":\"https://tools.ietf.org/html/rfc7231#section-6.5.1\",\"title\":\"Bad Request\",\"status\":400,\"traceId\":\"00-5f6f9fcbe0861bee962e5f63962577cc-c3d49cd8baddbe45-00\"}", "error": null}
{"host": "https://activity2.windgh.com", "activityId": "20240531", "auth": "archive", "method": "init", "status": 204, "bytes": 0, "body": "", "error": null}
{"host": "https://activity2.windgh.com", "activityId": "20240531", "auth": "archive", "method": "activity-info", "status": 204, "bytes": 0, "body": "", "error": null}
{"host": "https://activity2.windgh.com", "activityId": "20240531", "auth": "legacy", "method": "init", "status": 204, "bytes": 0, "body": "", "error": null}
{"host": "https://activity2.windgh.com", "activityId": "20240531", "auth": "legacy", "method": "activity-info", "status": 204, "bytes": 0, "body": "", "error": null}
{"host": "https://activity2.windgh.com", "activityId": "20240601", "auth": "blank", "method": "init", "status": 400, "bytes": 163, "body": "{\"type\":\"https://tools.ietf.org/html/rfc7231#section-6.5.1\",\"title\":\"Bad Request\",\"status\":400,\"traceId\":\"00-ef4dd58975ea527caf6760d5eeb9e0e6-cbced579fbb9dc7d-00\"}", "error": null}
{"host": "https://activity2.windgh.com", "activityId": "20240601", "auth": "blank", "method": "activity-info", "status": 400, "bytes": 163, "body": "{\"type\":\"https://tools.ietf.org/html/rfc7231#section-6.5.1\",\"title\":\"Bad Request\",\"status\":400,\"traceId\":\"00-a5909499feba441c4e5a8c615587f984-4e76f7dafacd8d27-00\"}", "error": null}
{"host": "https://activity2.windgh.com", "activityId": "20240601", "auth": "zero", "method": "init", "status": 400, "bytes": 163, "body": "{\"type\":\"https://tools.ietf.org/html/rfc7231#section-6.5.1\",\"title\":\"Bad Request\",\"status\":400,\"traceId\":\"00-cb9172af0bae2d136eb8ee174341e394-21757e9f2afc4c5a-00\"}", "error": null}
{"host": "https://activity2.windgh.com", "activityId": "20240601", "auth": "zero", "method": "activity-info", "status": 400, "bytes": 163, "body": "{\"type\":\"https://tools.ietf.org/html/rfc7231#section-6.5.1\",\"title\":\"Bad Request\",\"status\":400,\"traceId\":\"00-08211ec5573e6112718994dd43754d11-2fa710335f237c1d-00\"}", "error": null}
{"host": "https://activity2.windgh.com", "activityId": "20240601", "auth": "archive", "method": "init", "status": 204, "bytes": 0, "body": "", "error": null}
{"host": "https://activity2.windgh.com", "activityId": "20240601", "auth": "archive", "method": "activity-info", "status": 204, "bytes": 0, "body": "", "error": null}
{"host": "https://activity2.windgh.com", "activityId": "20240601", "auth": "legacy", "method": "init", "status": 204, "bytes": 0, "body": "", "error": null}
{"host": "https://activity2.windgh.com", "activityId": "20240601", "auth": "legacy", "method": "activity-info", "status": 204, "bytes": 0, "body": "", "error": null}
{"host": "https://activity2.windgh.com", "activityId": "20240815", "auth": "blank", "method": "init", "status": 400, "bytes": 163, "body": "{\"type\":\"https://tools.ietf.org/html/rfc7231#section-6.5.1\",\"title\":\"Bad Request\",\"status\":400,\"traceId\":\"00-33cb42a3ff85f3064d48dbb972c4c893-6cd4279a0d8bd642-00\"}", "error": null}
{"host": "https://activity2.windgh.com", "activityId": "20240815", "auth": "blank", "method": "activity-info", "status": 400, "bytes": 163, "body": "{\"type\":\"https://tools.ietf.org/html/rfc7231#section-6.5.1\",\"title\":\"Bad Request\",\"status\":400,\"traceId\":\"00-fe877b7bc1b75bc26ec48c5216f4bfc7-0be7ebef1f59f109-00\"}", "error": null}
{"host": "https://activity2.windgh.com", "activityId": "20240815", "auth": "zero", "method": "init", "status": 400, "bytes": 163, "body": "{\"type\":\"https://tools.ietf.org/html/rfc7231#section-6.5.1\",\"title\":\"Bad Request\",\"status\":400,\"traceId\":\"00-de1040a4e47a0487ef76f3b7a006b8ca-5a5b5ef58484b616-00\"}", "error": null}
{"host": "https://activity2.windgh.com", "activityId": "20240815", "auth": "zero", "method": "activity-info", "status": 400, "bytes": 163, "body": "{\"type\":\"https://tools.ietf.org/html/rfc7231#section-6.5.1\",\"title\":\"Bad Request\",\"status\":400,\"traceId\":\"00-97ef3f0f218ec769bc2a54409fb01d14-8569cfa1f8d973d5-00\"}", "error": null}
{"host": "https://activity2.windgh.com", "activityId": "20240815", "auth": "archive", "method": "init", "status": 204, "bytes": 0, "body": "", "error": null}
{"host": "https://activity2.windgh.com", "activityId": "20240815", "auth": "archive", "method": "activity-info", "status": 204, "bytes": 0, "body": "", "error": null}
{"host": "https://activity2.windgh.com", "activityId": "20240815", "auth": "legacy", "method": "init", "status": 204, "bytes": 0, "body": "", "error": null}
{"host": "https://activity2.windgh.com", "activityId": "20240815", "auth": "legacy", "method": "activity-info", "status": 204, "bytes": 0, "body": "", "error": null}
{"host": "https://activity2.windgh.com", "activityId": "20241022", "auth": "blank", "method": "init", "status": 400, "bytes": 163, "body": "{\"type\":\"https://tools.ietf.org/html/rfc7231#section-6.5.1\",\"title\":\"Bad Request\",\"status\":400,\"traceId\":\"00-d541c3569a694f58baca9713a033a5f8-727d06c667ff0107-00\"}", "error": null}
{"host": "https://activity2.windgh.com", "activityId": "20241022", "auth": "blank", "method": "activity-info", "status": 400, "bytes": 163, "body": "{\"type\":\"https://tools.ietf.org/html/rfc7231#section-6.5.1\",\"title\":\"Bad Request\",\"status\":400,\"traceId\":\"00-de26e1b66ccfc9fd9be36692e1d70b0a-3550cfe57b543419-00\"}", "error": null}
{"host": "https://activity2.windgh.com", "activityId": "20241022", "auth": "zero", "method": "init", "status": 400, "bytes": 163, "body": "{\"type\":\"https://tools.ietf.org/html/rfc7231#section-6.5.1\",\"title\":\"Bad Request\",\"status\":400,\"traceId\":\"00-ef80e4e20e59553ca337e831820524ea-10311d802fc5be2f-00\"}", "error": null}
{"host": "https://activity2.windgh.com", "activityId": "20241022", "auth": "zero", "method": "activity-info", "status": 400, "bytes": 163, "body": "{\"type\":\"https://tools.ietf.org/html/rfc7231#section-6.5.1\",\"title\":\"Bad Request\",\"status\":400,\"traceId\":\"00-e7fe4e92ea479205c02369e30bd696ba-232d49854ef6ffc9-00\"}", "error": null}
{"host": "https://activity2.windgh.com", "activityId": "20241022", "auth": "archive", "method": "init", "status": 204, "bytes": 0, "body": "", "error": null}
{"host": "https://activity2.windgh.com", "activityId": "20241022", "auth": "archive", "method": "activity-info", "status": 204, "bytes": 0, "body": "", "error": null}
{"host": "https://activity2.windgh.com", "activityId": "20241022", "auth": "legacy", "method": "init", "status": 204, "bytes": 0, "body": "", "error": null}
{"host": "https://activity2.windgh.com", "activityId": "20241022", "auth": "legacy", "method": "activity-info", "status": 204, "bytes": 0, "body": "", "error": null}
{"host": "https://activity2.windgh.com", "activityId": "20250426", "auth": "blank", "method": "init", "status": 400, "bytes": 163, "body": "{\"type\":\"https://tools.ietf.org/html/rfc7231#section-6.5.1\",\"title\":\"Bad Request\",\"status\":400,\"traceId\":\"00-7154604ea19be155a53d065b865899d8-f03c391070482344-00\"}", "error": null}
{"host": "https://activity2.windgh.com", "activityId": "20250426", "auth": "blank", "method": "activity-info", "status": 400, "bytes": 163, "body": "{\"type\":\"https://tools.ietf.org/html/rfc7231#section-6.5.1\",\"title\":\"Bad Request\",\"status\":400,\"traceId\":\"00-80a66983fe71d97af8c70d6fd0eb3364-c4100430bf878f3f-00\"}", "error": null}
{"host": "https://activity2.windgh.com", "activityId": "20250426", "auth": "zero", "method": "init", "status": 400, "bytes": 163, "body": "{\"type\":\"https://tools.ietf.org/html/rfc7231#section-6.5.1\",\"title\":\"Bad Request\",\"status\":400,\"traceId\":\"00-f8af3eaffc9437b9b690608c0b0bc242-549ec8d1298f22a6-00\"}", "error": null}
{"host": "https://activity2.windgh.com", "activityId": "20250426", "auth": "zero", "method": "activity-info", "status": 400, "bytes": 163, "body": "{\"type\":\"https://tools.ietf.org/html/rfc7231#section-6.5.1\",\"title\":\"Bad Request\",\"status\":400,\"traceId\":\"00-c53fa7eec2a4b3d3f204806c55e20732-b9039bed0bbb26f9-00\"}", "error": null}
{"host": "https://activity2.windgh.com", "activityId": "20250426", "auth": "archive", "method": "init", "status": 204, "bytes": 0, "body": "", "error": null}
{"host": "https://activity2.windgh.com", "activityId": "20250426", "auth": "archive", "method": "activity-info", "status": 204, "bytes": 0, "body": "", "error": null}
{"host": "https://activity2.windgh.com", "activityId": "20250426", "auth": "legacy", "method": "init", "status": 204, "bytes": 0, "body": "", "error": null}
{"host": "https://activity2.windgh.com", "activityId": "20250426", "auth": "legacy", "method": "activity-info", "status": 204, "bytes": 0, "body": "", "error": null}
{
  "requests": 304,
  "interesting": 0,
  "ids": []
}
