[
  {
    "id": "magic-lamp",
    "files": 0,
    "routes": [
      "/"
    ],
    "features": {
      "task": [],
      "lottery": [],
      "growth": [],
      "collect": [],
      "shop": [],
      "rank": [],
      "game": [],
      "record": [],
      "reward": []
    },
    "simpleRankingRisk": false
  },
  {
    "id": "beat-pinata",
    "files": 0,
    "routes": [
      "/"
    ],
    "features": {
      "task": [],
      "lottery": [],
      "growth": [],
      "collect": [],
      "shop": [],
      "rank": [],
      "game": [],
      "record": [],
      "reward": []
    },
    "simpleRankingRisk": false
  },
  {
    "id": "lucky-card",
    "files": 0,
    "routes": [
      "/"
    ],
    "features": {
      "task": [],
      "lottery": [],
      "growth": [],
      "collect": [],
      "shop": [],
      "rank": [],
      "game": [],
      "record": [],
      "reward": []
    },
    "simpleRankingRisk": false
  }
]
