{
  "queries": {
    "PSPLVISITORID": {
      "statusCode": 503,
      "error": null,
      "preview": "<html>\r\n<head><title>503 Service Temporarily Unavailable</title></head>\r\n<body>\r\n<center><h1>503 Service Temporarily Unavailable</h1></center>\r\n</body>\r\n</html>\r\n"
    },
    "PSPLVISITORAUTO": {
      "statusCode": 503,
      "error": null,
      "preview": "<html>\r\n<head><title>503 Service Temporarily Unavailable</title></head>\r\n<body>\r\n<center><h1>503 Service Temporarily Unavailable</h1></center>\r\n</body>\r\n</html>\r\n"
    },
    "POSPALSTOREMODE": {
      "statusCode": 503,
      "error": null,
      "preview": "<html>\r\n<head><title>503 Service Temporarily Unavailable</title></head>\r\n<body>\r\n<center><h1>503 Service Temporarily Unavailable</h1></center>\r\n</body>\r\n</html>\r\n"
    },
    "wxservice-stg48.pospal.cn": {
      "statusCode": 503,
      "error": null,
      "preview": "<html>\r\n<head><title>503 Service Temporarily Unavailable</title></head>\r\n<body>\r\n<center><h1>503 Service Temporarily Unavailable</h1></center>\r\n</body>\r\n</html>\r\n"
    },
    "LoadValidClassRoomApptSettingV2": {
      "statusCode": 503,
      "error": null,
      "preview": "<html>\r\n<head><title>503 Service Temporarily Unavailable</title></head>\r\n<body>\r\n<center><h1>503 Service Temporarily Unavailable</h1></center>\r\n</body>\r\n</html>\r\n"
    },
    "AppointmentVenue/LoadClassRooms": {
      "statusCode": 503,
      "error": null,
      "preview": "<html>\r\n<head><title>503 Service Temporarily Unavailable</title></head>\r\n<body>\r\n<center><h1>503 Service Temporarily Unavailable</h1></center>\r\n</body>\r\n</html>\r\n"
    },
    "customeraccount/Auth": {
      "statusCode": 503,
      "error": null,
      "preview": "<html>\r\n<head><title>503 Service Temporarily Unavailable</title></head>\r\n<body>\r\n<center><h1>503 Service Temporarily Unavailable</h1></center>\r\n</body>\r\n</html>\r\n"
    },
    "FindLoginInfo": {
      "statusCode": 503,
      "error": null,
      "preview": "<html>\r\n<head><title>503 Service Temporarily Unavailable</title></head>\r\n<body>\r\n<center><h1>503 Service Temporarily Unavailable</h1></center>\r\n</body>\r\n</html>\r\n"
    },
    "reloginToken": {
      "statusCode": 503,
      "error": null,
      "preview": "<html>\r\n<head><title>503 Service Temporarily Unavailable</title></head>\r\n<body>\r\n<center><h1>503 Service Temporarily Unavailable</h1></center>\r\n</body>\r\n</html>\r\n"
    },
    "storeList PSPLVISITORID": {
      "statusCode": 503,
      "error": null,
      "preview": "<html>\r\n<head><title>503 Service Temporarily Unavailable</title></head>\r\n<body>\r\n<center><h1>503 Service Temporarily Unavailable</h1></center>\r\n</body>\r\n</html>\r\n"
    },
    "storeId POSPALSTOREMODE": {
      "statusCode": 503,
      "error": null,
      "preview": "<html>\r\n<head><title>503 Service Temporarily Unavailable</title></head>\r\n<body>\r\n<center><h1>503 Service Temporarily Unavailable</h1></center>\r\n</body>\r\n</html>\r\n"
    },
    "LoadStoreList wxapi": {
      "statusCode": 503,
      "error": null,
      "preview": "<html>\r\n<head><title>503 Service Temporarily Unavailable</title></head>\r\n<body>\r\n<center><h1>503 Service Temporarily Unavailable</h1></center>\r\n</body>\r\n</html>\r\n"
    },
    "FindStoreList wxapi": {
      "statusCode": 503,
      "error": null,
      "preview": "<html>\r\n<head><title>503 Service Temporarily Unavailable</title></head>\r\n<body>\r\n<center><h1>503 Service Temporarily Unavailable</h1></center>\r\n</body>\r\n</html>\r\n"
    },
    "SwitchStore wxapi": {
      "statusCode": 503,
      "error": null,
      "preview": "<html>\r\n<head><title>503 Service Temporarily Unavailable</title></head>\r\n<body>\r\n<center><h1>503 Service Temporarily Unavailable</h1></center>\r\n</body>\r\n</html>\r\n"
    },
    "NearStore wxapi": {
      "statusCode": 503,
      "error": null,
      "preview": "<html>\r\n<head><title>503 Service Temporarily Unavailable</title></head>\r\n<body>\r\n<center><h1>503 Service Temporarily Unavailable</h1></center>\r\n</body>\r\n</html>\r\n"
    },
    "FindNearStore wxapi": {
      "statusCode": 503,
      "error": null,
      "preview": "<html>\r\n<head><title>503 Service Temporarily Unavailable</title></head>\r\n<body>\r\n<center><h1>503 Service Temporarily Unavailable</h1></center>\r\n</body>\r\n</html>\r\n"
    },
    "LoadStores wxapi": {
      "statusCode": 503,
      "error": null,
      "preview": "<html>\r\n<head><title>503 Service Temporarily Unavailable</title></head>\r\n<body>\r\n<center><h1>503 Service Temporarily Unavailable</h1></center>\r\n</body>\r\n</html>\r\n"
    },
    "merchantStores pospal": {
      "statusCode": 503,
      "error": null,
      "preview": "<html>\r\n<head><title>503 Service Temporarily Unavailable</title></head>\r\n<body>\r\n<center><h1>503 Service Temporarily Unavailable</h1></center>\r\n</body>\r\n</html>\r\n"
    },
    "门店 PSPLVISITORID": {
      "statusCode": 503,
      "error": null,
      "preview": "<html>\r\n<head><title>503 Service Temporarily Unavailable</title></head>\r\n<body>\r\n<center><h1>503 Service Temporarily Unavailable</h1></center>\r\n</body>\r\n</html>\r\n"
    },
    "门店 POSPALSTOREMODE": {
      "statusCode": 503,
      "error": null,
      "preview": "<html>\r\n<head><title>503 Service Temporarily Unavailable</title></head>\r\n<body>\r\n<center><h1>503 Service Temporarily Unavailable</h1></center>\r\n</body>\r\n</html>\r\n"
    },
    "切换门店 wxapi": {
      "statusCode": 503,
      "error": null,
      "preview": "<html>\r\n<head><title>503 Service Temporarily Unavailable</title></head>\r\n<body>\r\n<center><h1>503 Service Temporarily Unavailable</h1></center>\r\n</body>\r\n</html>\r\n"
    }
  },
  "generatedAtUtc": "2026-08-24T09:08:16Z"
}
