{
  "queries": {
    "context:global patternType:literal \"PSPLVISITORID\"": {
      "query": "context:global patternType:literal \"PSPLVISITORID\"",
      "statusCode": 200,
      "elapsedMs": 132,
      "finalUrl": "https://sourcegraph.com/.api/search/stream?q=context%3Aglobal+patternType%3Aliteral+%22PSPLVISITORID%22&v=V3&display=short",
      "result": {
        "matches": [],
        "progress": [],
        "alerts": [
          {
            "event": "error",
            "data": {
              "message": "display must be an integer, got \"short\": strconv.Atoi: parsing \"short\": invalid syntax"
            }
          }
        ],
        "matchCount": 0
      },
      "rawPreview": "event: error\ndata: {\"message\":\"display must be an integer, got \\\"short\\\": strconv.Atoi: parsing \\\"short\\\": invalid syntax\"}\n\nevent: done\ndata: {}\n\n"
    },
    "context:global patternType:literal \"PSPLVISITORAUTO\"": {
      "query": "context:global patternType:literal \"PSPLVISITORAUTO\"",
      "statusCode": 200,
      "elapsedMs": 75,
      "finalUrl": "https://sourcegraph.com/.api/search/stream?q=context%3Aglobal+patternType%3Aliteral+%22PSPLVISITORAUTO%22&v=V3&display=short",
      "result": {
        "matches": [],
        "progress": [],
        "alerts": [
          {
            "event": "error",
            "data": {
              "message": "display must be an integer, got \"short\": strconv.Atoi: parsing \"short\": invalid syntax"
            }
          }
        ],
        "matchCount": 0
      },
      "rawPreview": "event: error\ndata: {\"message\":\"display must be an integer, got \\\"short\\\": strconv.Atoi: parsing \\\"short\\\": invalid syntax\"}\n\nevent: done\ndata: {}\n\n"
    },
    "context:global patternType:literal \"POSPALSTOREMODE\"": {
      "query": "context:global patternType:literal \"POSPALSTOREMODE\"",
      "statusCode": 200,
      "elapsedMs": 74,
      "finalUrl": "https://sourcegraph.com/.api/search/stream?q=context%3Aglobal+patternType%3Aliteral+%22POSPALSTOREMODE%22&v=V3&display=short",
      "result": {
        "matches": [],
        "progress": [],
        "alerts": [
          {
            "event": "error",
            "data": {
              "message": "display must be an integer, got \"short\": strconv.Atoi: parsing \"short\": invalid syntax"
            }
          }
        ],
        "matchCount": 0
      },
      "rawPreview": "event: error\ndata: {\"message\":\"display must be an integer, got \\\"short\\\": strconv.Atoi: parsing \\\"short\\\": invalid syntax\"}\n\nevent: done\ndata: {}\n\n"
    },
    "context:global patternType:literal \"LoadValidClassRoomApptSettingV2\"": {
      "query": "context:global patternType:literal \"LoadValidClassRoomApptSettingV2\"",
      "statusCode": 200,
      "elapsedMs": 75,
      "finalUrl": "https://sourcegraph.com/.api/search/stream?q=context%3Aglobal+patternType%3Aliteral+%22LoadValidClassRoomApptSettingV2%22&v=V3&display=short",
      "result": {
        "matches": [],
        "progress": [],
        "alerts": [
          {
            "event": "error",
            "data": {
              "message": "display must be an integer, got \"short\": strconv.Atoi: parsing \"short\": invalid syntax"
            }
          }
        ],
        "matchCount": 0
      },
      "rawPreview": "event: error\ndata: {\"message\":\"display must be an integer, got \\\"short\\\": strconv.Atoi: parsing \\\"short\\\": invalid syntax\"}\n\nevent: done\ndata: {}\n\n"
    },
    "context:global patternType:literal \"AppointmentVenue/LoadClassRooms\"": {
      "query": "context:global patternType:literal \"AppointmentVenue/LoadClassRooms\"",
      "statusCode": 200,
      "elapsedMs": 73,
      "finalUrl": "https://sourcegraph.com/.api/search/stream?q=context%3Aglobal+patternType%3Aliteral+%22AppointmentVenue%2FLoadClassRooms%22&v=V3&display=short",
      "result": {
        "matches": [],
        "progress": [],
        "alerts": [
          {
            "event": "error",
            "data": {
              "message": "display must be an integer, got \"short\": strconv.Atoi: parsing \"short\": invalid syntax"
            }
          }
        ],
        "matchCount": 0
      },
      "rawPreview": "event: error\ndata: {\"message\":\"display must be an integer, got \\\"short\\\": strconv.Atoi: parsing \\\"short\\\": invalid syntax\"}\n\nevent: done\ndata: {}\n\n"
    },
    "context:global patternType:literal \"wxservice-stg48.pospal.cn\"": {
      "query": "context:global patternType:literal \"wxservice-stg48.pospal.cn\"",
      "statusCode": 200,
      "elapsedMs": 114,
      "finalUrl": "https://sourcegraph.com/.api/search/stream?q=context%3Aglobal+patternType%3Aliteral+%22wxservice-stg48.pospal.cn%22&v=V3&display=short",
      "result": {
        "matches": [],
        "progress": [],
        "alerts": [
          {
            "event": "error",
            "data": {
              "message": "display must be an integer, got \"short\": strconv.Atoi: parsing \"short\": invalid syntax"
            }
          }
        ],
        "matchCount": 0
      },
      "rawPreview": "event: error\ndata: {\"message\":\"display must be an integer, got \\\"short\\\": strconv.Atoi: parsing \\\"short\\\": invalid syntax\"}\n\nevent: done\ndata: {}\n\n"
    },
    "context:global patternType:literal \"customeraccount/Auth\"": {
      "query": "context:global patternType:literal \"customeraccount/Auth\"",
      "statusCode": 200,
      "elapsedMs": 75,
      "finalUrl": "https://sourcegraph.com/.api/search/stream?q=context%3Aglobal+patternType%3Aliteral+%22customeraccount%2FAuth%22&v=V3&display=short",
      "result": {
        "matches": [],
        "progress": [],
        "alerts": [
          {
            "event": "error",
            "data": {
              "message": "display must be an integer, got \"short\": strconv.Atoi: parsing \"short\": invalid syntax"
            }
          }
        ],
        "matchCount": 0
      },
      "rawPreview": "event: error\ndata: {\"message\":\"display must be an integer, got \\\"short\\\": strconv.Atoi: parsing \\\"short\\\": invalid syntax\"}\n\nevent: done\ndata: {}\n\n"
    },
    "context:global patternType:literal \"FindLoginInfo\" \"pospal\"": {
      "query": "context:global patternType:literal \"FindLoginInfo\" \"pospal\"",
      "statusCode": 200,
      "elapsedMs": 74,
      "finalUrl": "https://sourcegraph.com/.api/search/stream?q=context%3Aglobal+patternType%3Aliteral+%22FindLoginInfo%22+%22pospal%22&v=V3&display=short",
      "result": {
        "matches": [],
        "progress": [],
        "alerts": [
          {
            "event": "error",
            "data": {
              "message": "display must be an integer, got \"short\": strconv.Atoi: parsing \"short\": invalid syntax"
            }
          }
        ],
        "matchCount": 0
      },
      "rawPreview": "event: error\ndata: {\"message\":\"display must be an integer, got \\\"short\\\": strconv.Atoi: parsing \\\"short\\\": invalid syntax\"}\n\nevent: done\ndata: {}\n\n"
    },
    "context:global patternType:literal \"reloginToken\" \"wxapi\"": {
      "query": "context:global patternType:literal \"reloginToken\" \"wxapi\"",
      "statusCode": 200,
      "elapsedMs": 74,
      "finalUrl": "https://sourcegraph.com/.api/search/stream?q=context%3Aglobal+patternType%3Aliteral+%22reloginToken%22+%22wxapi%22&v=V3&display=short",
      "result": {
        "matches": [],
        "progress": [],
        "alerts": [
          {
            "event": "error",
            "data": {
              "message": "display must be an integer, got \"short\": strconv.Atoi: parsing \"short\": invalid syntax"
            }
          }
        ],
        "matchCount": 0
      },
      "rawPreview": "event: error\ndata: {\"message\":\"display must be an integer, got \\\"short\\\": strconv.Atoi: parsing \\\"short\\\": invalid syntax\"}\n\nevent: done\ndata: {}\n\n"
    },
    "context:global patternType:literal \"LoadStoreList\" \"wxapi\"": {
      "query": "context:global patternType:literal \"LoadStoreList\" \"wxapi\"",
      "statusCode": 200,
      "elapsedMs": 97,
      "finalUrl": "https://sourcegraph.com/.api/search/stream?q=context%3Aglobal+patternType%3Aliteral+%22LoadStoreList%22+%22wxapi%22&v=V3&display=short",
      "result": {
        "matches": [],
        "progress": [],
        "alerts": [
          {
            "event": "error",
            "data": {
              "message": "display must be an integer, got \"short\": strconv.Atoi: parsing \"short\": invalid syntax"
            }
          }
        ],
        "matchCount": 0
      },
      "rawPreview": "event: error\ndata: {\"message\":\"display must be an integer, got \\\"short\\\": strconv.Atoi: parsing \\\"short\\\": invalid syntax\"}\n\nevent: done\ndata: {}\n\n"
    },
    "context:global patternType:literal \"FindStoreList\" \"wxapi\"": {
      "query": "context:global patternType:literal \"FindStoreList\" \"wxapi\"",
      "statusCode": 200,
      "elapsedMs": 74,
      "finalUrl": "https://sourcegraph.com/.api/search/stream?q=context%3Aglobal+patternType%3Aliteral+%22FindStoreList%22+%22wxapi%22&v=V3&display=short",
      "result": {
        "matches": [],
        "progress": [],
        "alerts": [
          {
            "event": "error",
            "data": {
              "message": "display must be an integer, got \"short\": strconv.Atoi: parsing \"short\": invalid syntax"
            }
          }
        ],
        "matchCount": 0
      },
      "rawPreview": "event: error\ndata: {\"message\":\"display must be an integer, got \\\"short\\\": strconv.Atoi: parsing \\\"short\\\": invalid syntax\"}\n\nevent: done\ndata: {}\n\n"
    },
    "context:global patternType:literal \"SwitchStore\" \"wxapi\"": {
      "query": "context:global patternType:literal \"SwitchStore\" \"wxapi\"",
      "statusCode": 200,
      "elapsedMs": 76,
      "finalUrl": "https://sourcegraph.com/.api/search/stream?q=context%3Aglobal+patternType%3Aliteral+%22SwitchStore%22+%22wxapi%22&v=V3&display=short",
      "result": {
        "matches": [],
        "progress": [],
        "alerts": [
          {
            "event": "error",
            "data": {
              "message": "display must be an integer, got \"short\": strconv.Atoi: parsing \"short\": invalid syntax"
            }
          }
        ],
        "matchCount": 0
      },
      "rawPreview": "event: error\ndata: {\"message\":\"display must be an integer, got \\\"short\\\": strconv.Atoi: parsing \\\"short\\\": invalid syntax\"}\n\nevent: done\ndata: {}\n\n"
    },
    "context:global patternType:literal \"NearStore\" \"wxapi\"": {
      "query": "context:global patternType:literal \"NearStore\" \"wxapi\"",
      "statusCode": 200,
      "elapsedMs": 72,
      "finalUrl": "https://sourcegraph.com/.api/search/stream?q=context%3Aglobal+patternType%3Aliteral+%22NearStore%22+%22wxapi%22&v=V3&display=short",
      "result": {
        "matches": [],
        "progress": [],
        "alerts": [
          {
            "event": "error",
            "data": {
              "message": "display must be an integer, got \"short\": strconv.Atoi: parsing \"short\": invalid syntax"
            }
          }
        ],
        "matchCount": 0
      },
      "rawPreview": "event: error\ndata: {\"message\":\"display must be an integer, got \\\"short\\\": strconv.Atoi: parsing \\\"short\\\": invalid syntax\"}\n\nevent: done\ndata: {}\n\n"
    },
    "context:global patternType:literal \"门店\" \"PSPLVISITORID\"": {
      "query": "context:global patternType:literal \"门店\" \"PSPLVISITORID\"",
      "statusCode": 200,
      "elapsedMs": 75,
      "finalUrl": "https://sourcegraph.com/.api/search/stream?q=context%3Aglobal+patternType%3Aliteral+%22%E9%97%A8%E5%BA%97%22+%22PSPLVISITORID%22&v=V3&display=short",
      "result": {
        "matches": [],
        "progress": [],
        "alerts": [
          {
            "event": "error",
            "data": {
              "message": "display must be an integer, got \"short\": strconv.Atoi: parsing \"short\": invalid syntax"
            }
          }
        ],
        "matchCount": 0
      },
      "rawPreview": "event: error\ndata: {\"message\":\"display must be an integer, got \\\"short\\\": strconv.Atoi: parsing \\\"short\\\": invalid syntax\"}\n\nevent: done\ndata: {}\n\n"
    },
    "context:global patternType:literal \"切换门店\" \"wxapi\"": {
      "query": "context:global patternType:literal \"切换门店\" \"wxapi\"",
      "statusCode": 200,
      "elapsedMs": 110,
      "finalUrl": "https://sourcegraph.com/.api/search/stream?q=context%3Aglobal+patternType%3Aliteral+%22%E5%88%87%E6%8D%A2%E9%97%A8%E5%BA%97%22+%22wxapi%22&v=V3&display=short",
      "result": {
        "matches": [],
        "progress": [],
        "alerts": [
          {
            "event": "error",
            "data": {
              "message": "display must be an integer, got \"short\": strconv.Atoi: parsing \"short\": invalid syntax"
            }
          }
        ],
        "matchCount": 0
      },
      "rawPreview": "event: error\ndata: {\"message\":\"display must be an integer, got \\\"short\\\": strconv.Atoi: parsing \\\"short\\\": invalid syntax\"}\n\nevent: done\ndata: {}\n\n"
    },
    "context:global patternType:literal \"泛思博特沙河网球中心\"": {
      "query": "context:global patternType:literal \"泛思博特沙河网球中心\"",
      "statusCode": 200,
      "elapsedMs": 73,
      "finalUrl": "https://sourcegraph.com/.api/search/stream?q=context%3Aglobal+patternType%3Aliteral+%22%E6%B3%9B%E6%80%9D%E5%8D%9A%E7%89%B9%E6%B2%99%E6%B2%B3%E7%BD%91%E7%90%83%E4%B8%AD%E5%BF%83%22&v=V3&display=short",
      "result": {
        "matches": [],
        "progress": [],
        "alerts": [
          {
            "event": "error",
            "data": {
              "message": "display must be an integer, got \"short\": strconv.Atoi: parsing \"short\": invalid syntax"
            }
          }
        ],
        "matchCount": 0
      },
      "rawPreview": "event: error\ndata: {\"message\":\"display must be an integer, got \\\"short\\\": strconv.Atoi: parsing \\\"short\\\": invalid syntax\"}\n\nevent: done\ndata: {}\n\n"
    },
    "context:global patternType:literal \"泛思博特棕榈泉网球中心\"": {
      "query": "context:global patternType:literal \"泛思博特棕榈泉网球中心\"",
      "statusCode": 200,
      "elapsedMs": 79,
      "finalUrl": "https://sourcegraph.com/.api/search/stream?q=context%3Aglobal+patternType%3Aliteral+%22%E6%B3%9B%E6%80%9D%E5%8D%9A%E7%89%B9%E6%A3%95%E6%A6%88%E6%B3%89%E7%BD%91%E7%90%83%E4%B8%AD%E5%BF%83%22&v=V3&display=short",
      "result": {
        "matches": [],
        "progress": [],
        "alerts": [
          {
            "event": "error",
            "data": {
              "message": "display must be an integer, got \"short\": strconv.Atoi: parsing \"short\": invalid syntax"
            }
          }
        ],
        "matchCount": 0
      },
      "rawPreview": "event: error\ndata: {\"message\":\"display must be an integer, got \\\"short\\\": strconv.Atoi: parsing \\\"short\\\": invalid syntax\"}\n\nevent: done\ndata: {}\n\n"
    },
    "context:global patternType:literal \"泛思博特网球订场\"": {
      "query": "context:global patternType:literal \"泛思博特网球订场\"",
      "statusCode": 200,
      "elapsedMs": 73,
      "finalUrl": "https://sourcegraph.com/.api/search/stream?q=context%3Aglobal+patternType%3Aliteral+%22%E6%B3%9B%E6%80%9D%E5%8D%9A%E7%89%B9%E7%BD%91%E7%90%83%E8%AE%A2%E5%9C%BA%22&v=V3&display=short",
      "result": {
        "matches": [],
        "progress": [],
        "alerts": [
          {
            "event": "error",
            "data": {
              "message": "display must be an integer, got \"short\": strconv.Atoi: parsing \"short\": invalid syntax"
            }
          }
        ],
        "matchCount": 0
      },
      "rawPreview": "event: error\ndata: {\"message\":\"display must be an integer, got \\\"short\\\": strconv.Atoi: parsing \\\"short\\\": invalid syntax\"}\n\nevent: done\ndata: {}\n\n"
    }
  },
  "generatedAtUtc": "2026-08-24T09:07:00Z"
}
